Archive member included to satisfy reference by file (symbol)

c:/nxp/mcuxpressoide_11.9.0_2144/ide/plugins/com.nxp.mcuxpresso.tools.win32_11.9.0.202307121226/tools/bin/../lib/gcc/arm-none-eabi/12.3.1/thumb/v6-m/nofp\libm.a(libm_a-s_round.o)
                              ./framework/XCVR/MKW41Z4/fsl_xcvr.o (round)
c:/nxp/mcuxpressoide_11.9.0_2144/ide/plugins/com.nxp.mcuxpresso.tools.win32_11.9.0.202307121226/tools/bin/../lib/gcc/arm-none-eabi/12.3.1/thumb/v6-m/nofp\libm.a(libm_a-s_trunc.o)
                              ./framework/XCVR/MKW41Z4/fsl_xcvr.o (trunc)
c:/nxp/mcuxpressoide_11.9.0_2144/ide/plugins/com.nxp.mcuxpresso.tools.win32_11.9.0.202307121226/tools/bin/../lib/gcc/arm-none-eabi/12.3.1/thumb/v6-m/nofp\libm.a(libm_a-sf_round.o)
                              ./framework/XCVR/MKW41Z4/fsl_xcvr_trim.o (roundf)
c:/nxp/mcuxpressoide_11.9.0_2144/ide/plugins/com.nxp.mcuxpresso.tools.win32_11.9.0.202307121226/tools/bin/../lib/gcc/arm-none-eabi/12.3.1/thumb/v6-m/nofp\libc.a(libc_a-exit.o)
                              c:/nxp/mcuxpressoide_11.9.0_2144/ide/plugins/com.nxp.mcuxpresso.tools.win32_11.9.0.202307121226/tools/bin/../lib/gcc/arm-none-eabi/12.3.1/thumb/v6-m/nofp/crt0.o (exit)
c:/nxp/mcuxpressoide_11.9.0_2144/ide/plugins/com.nxp.mcuxpresso.tools.win32_11.9.0.202307121226/tools/bin/../lib/gcc/arm-none-eabi/12.3.1/thumb/v6-m/nofp\libc.a(libc_a-findfp.o)
                              c:/nxp/mcuxpressoide_11.9.0_2144/ide/plugins/com.nxp.mcuxpresso.tools.win32_11.9.0.202307121226/tools/bin/../lib/gcc/arm-none-eabi/12.3.1/thumb/v6-m/nofp\libc.a(libc_a-exit.o) (__stdio_exit_handler)
c:/nxp/mcuxpressoide_11.9.0_2144/ide/plugins/com.nxp.mcuxpresso.tools.win32_11.9.0.202307121226/tools/bin/../lib/gcc/arm-none-eabi/12.3.1/thumb/v6-m/nofp\libc.a(libc_a-fwalk.o)
                              c:/nxp/mcuxpressoide_11.9.0_2144/ide/plugins/com.nxp.mcuxpresso.tools.win32_11.9.0.202307121226/tools/bin/../lib/gcc/arm-none-eabi/12.3.1/thumb/v6-m/nofp\libc.a(libc_a-findfp.o) (_fwalk_sglue)
c:/nxp/mcuxpressoide_11.9.0_2144/ide/plugins/com.nxp.mcuxpresso.tools.win32_11.9.0.202307121226/tools/bin/../lib/gcc/arm-none-eabi/12.3.1/thumb/v6-m/nofp\libc.a(libc_a-stdio.o)
                              c:/nxp/mcuxpressoide_11.9.0_2144/ide/plugins/com.nxp.mcuxpresso.tools.win32_11.9.0.202307121226/tools/bin/../lib/gcc/arm-none-eabi/12.3.1/thumb/v6-m/nofp\libc.a(libc_a-findfp.o) (__sread)
c:/nxp/mcuxpressoide_11.9.0_2144/ide/plugins/com.nxp.mcuxpresso.tools.win32_11.9.0.202307121226/tools/bin/../lib/gcc/arm-none-eabi/12.3.1/thumb/v6-m/nofp\libc.a(libc_a-memset.o)
                              c:/nxp/mcuxpressoide_11.9.0_2144/ide/plugins/com.nxp.mcuxpresso.tools.win32_11.9.0.202307121226/tools/bin/../lib/gcc/arm-none-eabi/12.3.1/thumb/v6-m/nofp/crt0.o (memset)
c:/nxp/mcuxpressoide_11.9.0_2144/ide/plugins/com.nxp.mcuxpresso.tools.win32_11.9.0.202307121226/tools/bin/../lib/gcc/arm-none-eabi/12.3.1/thumb/v6-m/nofp\libc.a(libc_a-strncmp.o)
                              ./source/mwa_coordinator.o (strncmp)
c:/nxp/mcuxpressoide_11.9.0_2144/ide/plugins/com.nxp.mcuxpresso.tools.win32_11.9.0.202307121226/tools/bin/../lib/gcc/arm-none-eabi/12.3.1/thumb/v6-m/nofp\libc.a(libc_a-closer.o)
                              c:/nxp/mcuxpressoide_11.9.0_2144/ide/plugins/com.nxp.mcuxpresso.tools.win32_11.9.0.202307121226/tools/bin/../lib/gcc/arm-none-eabi/12.3.1/thumb/v6-m/nofp\libc.a(libc_a-stdio.o) (_close_r)
c:/nxp/mcuxpressoide_11.9.0_2144/ide/plugins/com.nxp.mcuxpresso.tools.win32_11.9.0.202307121226/tools/bin/../lib/gcc/arm-none-eabi/12.3.1/thumb/v6-m/nofp\libc.a(libc_a-reent.o)
                              c:/nxp/mcuxpressoide_11.9.0_2144/ide/plugins/com.nxp.mcuxpresso.tools.win32_11.9.0.202307121226/tools/bin/../lib/gcc/arm-none-eabi/12.3.1/thumb/v6-m/nofp\libc.a(libc_a-closer.o) (errno)
c:/nxp/mcuxpressoide_11.9.0_2144/ide/plugins/com.nxp.mcuxpresso.tools.win32_11.9.0.202307121226/tools/bin/../lib/gcc/arm-none-eabi/12.3.1/thumb/v6-m/nofp\libc.a(libc_a-impure.o)
                              c:/nxp/mcuxpressoide_11.9.0_2144/ide/plugins/com.nxp.mcuxpresso.tools.win32_11.9.0.202307121226/tools/bin/../lib/gcc/arm-none-eabi/12.3.1/thumb/v6-m/nofp\libc.a(libc_a-reent.o) (_impure_ptr)
c:/nxp/mcuxpressoide_11.9.0_2144/ide/plugins/com.nxp.mcuxpresso.tools.win32_11.9.0.202307121226/tools/bin/../lib/gcc/arm-none-eabi/12.3.1/thumb/v6-m/nofp\libc.a(libc_a-lseekr.o)
                              c:/nxp/mcuxpressoide_11.9.0_2144/ide/plugins/com.nxp.mcuxpresso.tools.win32_11.9.0.202307121226/tools/bin/../lib/gcc/arm-none-eabi/12.3.1/thumb/v6-m/nofp\libc.a(libc_a-stdio.o) (_lseek_r)
c:/nxp/mcuxpressoide_11.9.0_2144/ide/plugins/com.nxp.mcuxpresso.tools.win32_11.9.0.202307121226/tools/bin/../lib/gcc/arm-none-eabi/12.3.1/thumb/v6-m/nofp\libc.a(libc_a-readr.o)
[...]
Memory Configuration

Name             Origin             Length             Attributes
TEXT_region1     0x00000000         0x00000400         xr
m_flash_config_region 0x00000400         0x00000010         xr
TEXT_region2     0x00000411         0x0007d3ee         xr
NVM_region       0x0007d800         0x00001fff         rw
DATA1_region     0x1fff8000         0x00008000         rw
DATA2_region     0x20000000         0x00018000         rw
PRODUCT_INFO_region 0x0007f800         0x000007ff         xr
*default*        0x00000000         0xffffffff

Linker script and memory map

LOAD c:/nxp/mcuxpressoide_11.9.0_2144/ide/plugins/com.nxp.mcuxpresso.tools.win32_11.9.0.202307121226/tools/bin/../lib/gcc/arm-none-eabi/12.3.1/thumb/v6-m/nofp/crti.o
LOAD c:/nxp/mcuxpressoide_11.9.0_2144/ide/plugins/com.nxp.mcuxpresso.tools.win32_11.9.0.202307121226/tools/bin/../lib/gcc/arm-none-eabi/12.3.1/thumb/v6-m/nofp/crtbegin.o
LOAD c:/nxp/mcuxpressoide_11.9.0_2144/ide/plugins/com.nxp.mcuxpresso.tools.win32_11.9.0.202307121226/tools/bin/../lib/gcc/arm-none-eabi/12.3.1/thumb/v6-m/nofp/crt0.o
LOAD ./utilities/fsl_debug_console.o
LOAD ./startup/startup_MKW41Z4.o
LOAD ./source/MyNewTask.o
LOAD ./source/mtb.o
LOAD ./source/mwa_coordinator.o
LOAD ./source/semihost_hardfault.o
LOAD ./ieee_802.15.4/phy/source/MKW41Z/ASP.o
LOAD ./ieee_802.15.4/phy/source/MKW41Z/MPM.o
LOAD ./ieee_802.15.4/phy/source/MKW41Z/PhyISR.o
LOAD ./ieee_802.15.4/phy/source/MKW41Z/PhyPacketProcessor.o
LOAD ./ieee_802.15.4/phy/source/MKW41Z/PhyPlmeData.o
LOAD ./ieee_802.15.4/phy/source/MKW41Z/PhyStateMachine.o
LOAD ./ieee_802.15.4/phy/source/MKW41Z/PhyTime.o
LOAD ./ieee_802.15.4/mac/source/App/FsciAspCommands.o
LOAD ./ieee_802.15.4/mac/source/App/FsciMacCommands.o
LOAD ./ieee_802.15.4/mac/source/App/MacGlobals.o
LOAD ./framework/XCVR/MKW41Z4/cfgs_kw4x_3x_2x/fsl_xcvr_ant_config.o
LOAD ./framework/XCVR/MKW41Z4/cfgs_kw4x_3x_2x/fsl_xcvr_ble_config.o
LOAD ./framework/XCVR/MKW41Z4/cfgs_kw4x_3x_2x/fsl_xcvr_common_config.o
LOAD ./framework/XCVR/MKW41Z4/cfgs_kw4x_3x_2x/fsl_xcvr_gfsk_bt_0p3_h_0p5_config.o
LOAD ./framework/XCVR/MKW41Z4/cfgs_kw4x_3x_2x/fsl_xcvr_gfsk_bt_0p5_h_0p32_config.o
LOAD ./framework/XCVR/MKW41Z4/cfgs_kw4x_3x_2x/fsl_xcvr_gfsk_bt_0p5_h_0p5_config.o
LOAD ./framework/XCVR/MKW41Z4/cfgs_kw4x_3x_2x/fsl_xcvr_gfsk_bt_0p5_h_0p7_config.o
LOAD ./framework/XCVR/MKW41Z4/cfgs_kw4x_3x_2x/fsl_xcvr_gfsk_bt_0p5_h_1p0_config.o
LOAD ./framework/XCVR/MKW41Z4/cfgs_kw4x_3x_2x/fsl_xcvr_gfsk_bt_0p7_h_0p5_config.o
LOAD ./framework/XCVR/MKW41Z4/cfgs_kw4x_3x_2x/fsl_xcvr_mode_datarate_config.o
LOAD ./framework/XCVR/MKW41Z4/cfgs_kw4x_3x_2x/fsl_xcvr_msk_config.o
LOAD ./framework/XCVR/MKW41Z4/cfgs_kw4x_3x_2x/fsl_xcvr_zgbe_config.o
LOAD ./framework/XCVR/MKW41Z4/dbg_ram_capture.o
LOAD ./framework/XCVR/MKW41Z4/fsl_xcvr.o
LOAD ./framework/XCVR/MKW41Z4/fsl_xcvr_trim.o
LOAD ./framework/XCVR/MKW41Z4/ifr_radio.o
LOAD ./framework/TimersManager/Source/TMR_Adapter.o
LOAD ./framework/TimersManager/Source/TimersManager.o
LOAD ./framework/SerialManager/Source/UART_Adapter/UART_Adapter.o
LOAD ./framework/SerialManager/Source/SPI_Adapter/SPI_Adapter.o
LOAD ./framework/SerialManager/Source/I2C_Adapter/I2C_Adapter.o
LOAD ./framework/SerialManager/Source/SerialManager.o
LOAD ./framework/SecLib/SecLib.o
LOAD ./framework/Reset/Reset.o
LOAD ./framework/RNG/Source/RNG.o
LOAD ./framework/Panic/Source/Panic.o
LOAD ./framework/OSAbstraction/Source/fsl_os_abstraction_bm.o
LOAD ./framework/ModuleInfo/ModuleInfo.o
LOAD ./framework/Messaging/Source/Messaging.o
LOAD ./framework/MemManager/Source/MemManager.o
LOAD ./framework/MWSCoexistence/Source/MWS.o
LOAD ./framework/Lists/GenericList.o
LOAD ./framework/LED/Source/LED.o
LOAD ./framework/Keyboard/Source/Keyboard.o
LOAD ./framework/GPIO/GPIO_Adapter.o
LOAD ./framework/FunctionLib/FunctionLib.o
LOAD ./framework/Flash/Internal/Flash_Adapter.o
LOAD ./framework/DCDC/Source/DCDC.o
LOAD ./drivers/fsl_adc16.o
LOAD ./drivers/fsl_clock.o
LOAD ./drivers/fsl_common.o
LOAD ./drivers/fsl_dspi.o
LOAD ./drivers/fsl_flash.o
LOAD ./drivers/fsl_gpio.o
LOAD ./drivers/fsl_i2c.o
LOAD ./drivers/fsl_llwu.o
LOAD ./drivers/fsl_lptmr.o
LOAD ./drivers/fsl_lpuart.o
LOAD ./drivers/fsl_ltc.o
LOAD ./drivers/fsl_pmc.o
LOAD ./drivers/fsl_rtc.o
LOAD ./drivers/fsl_smc.o
LOAD ./drivers/fsl_tpm.o
LOAD ./drivers/fsl_trng.o
LOAD ./drivers/fsl_tsi_v4.o
LOAD ./board/board.o
LOAD ./board/clock_config.o
LOAD ./board/gpio_pins.o
LOAD ./board/pin_mux.o
LOAD ./CMSIS/system_MKW41Z4.o
LOAD c:/nxp/mcuxpressoide_11.9.0_2144/ide/plugins/com.nxp.mcuxpresso.tools.win32_11.9.0.202307121226/tools/bin/../lib/gcc/arm-none-eabi/12.3.1/thumb/v6-m/nofp\libm.a
LOAD c:/nxp/mcuxpressoide_11.9.0_2144/ide/plugins/com.nxp.mcuxpresso.tools.win32_11.9.0.202307121226/tools/bin/../lib/gcc/arm-none-eabi/12.3.1/thumb/v6-m/nofp\libc.a
LOAD c:/nxp/mcuxpressoide_11.9.0_2144/ide/plugins/com.nxp.mcuxpresso.tools.win32_11.9.0.202307121226/tools/bin/../lib/gcc/arm-none-eabi/12.3.1/thumb/v6-m/nofp\libgcc.a
LOAD c:/nxp/mcuxpressoide_11.9.0_2144/ide/plugins/com.nxp.mcuxpresso.tools.win32_11.9.0.202307121226/tools/bin/../lib/gcc/arm-none-eabi/12.3.1/thumb/v6-m/nofp\libnosys.a
LOAD C:\Users\diego\Documents\MCUXpressoIDE_11.9.0_2144\redes\Practica1_wireless_examples_ieee_802_15_4_mwa_coordinator_bm\libs\lib_crypto_m0.a
LOAD C:\Users\diego\Documents\MCUXpressoIDE_11.9.0_2144\redes\Practica1_wireless_examples_ieee_802_15_4_mwa_coordinator_bm\libs\lib802.15.4_mac_06_cm0.a
START GROUP
LOAD c:/nxp/mcuxpressoide_11.9.0_2144/ide/plugins/com.nxp.mcuxpresso.tools.win32_11.9.0.202307121226/tools/bin/../lib/gcc/arm-none-eabi/12.3.1/thumb/v6-m/nofp\libgcc.a
LOAD c:/nxp/mcuxpressoide_11.9.0_2144/ide/plugins/com.nxp.mcuxpresso.tools.win32_11.9.0.202307121226/tools/bin/../lib/gcc/arm-none-eabi/12.3.1/thumb/v6-m/nofp\libc.a
END GROUP
LOAD c:/nxp/mcuxpressoide_11.9.0_2144/ide/plugins/com.nxp.mcuxpresso.tools.win32_11.9.0.202307121226/tools/bin/../lib/gcc/arm-none-eabi/12.3.1/thumb/v6-m/nofp/crtend.o
LOAD c:/nxp/mcuxpressoide_11.9.0_2144/ide/plugins/com.nxp.mcuxpresso.tools.win32_11.9.0.202307121226/tools/bin/../lib/gcc/arm-none-eabi/12.3.1/thumb/v6-m/nofp/crtn.o
                0x00000001                        gUseNVMLink_d = DEFINED (gUseNVMLink_d)?gUseNVMLink_d:0x1
                0x00000004                        gNVMSectorCountLink_d = DEFINED (gNVMSectorCountLink_d)?gNVMSectorCountLink_d:0x4
                0x00000001                        __ram_vector_table__ = DEFINED (__ram_vector_table__)?__ram_vector_table__:0x1
                0x00000000                        __region_ROM_start__ = 0x0
                0x0007ffff                        __region_ROM_end__ = 0x7ffff
                0x1fff8000                        __region_RAM1_start__ = 0x1fff8000
                0x1fffffff                        __region_RAM1_end__ = 0x1fffffff
                0x20000000                        __region_RAM2_start__ = 0x20000000
                0x20017fff                        __region_RAM2_end__ = 0x20017fff
                0x000000c0                        __vector_table_size__ = 0xc0
                0x000000c0                        __ram_vector_table_size__ = DEFINED (__ram_vector_table__)?__vector_table_size__:0x0
                0x1fff8000                        _RAM_START_ = __region_RAM1_start__
                0x20017fff                        _RAM_END_ = __region_RAM2_end__
                0x00000000                        m_interrupts_start = __region_ROM_start__
                0x000000bf                        m_interrupts_end = ((m_interrupts_start + __vector_table_size__) - 0x1)
                0x00000400                        m_flash_config_start = 0x400
                0x00000410                        m_flash_config_end = 0x410
                0x00000800                        m_sector_size = 0x800
                0x00000200                        __size_cstack__ = DEFINED (__stack_size__)?__stack_size__:0x200
                0x00000000                        __size_heap__ = DEFINED (__heap_size__)?__heap_size__:0x0
                0x0007f800                        m_fsl_prodInfo_start = ((__region_ROM_end__ - m_sector_size) + 0x1)
                0x0007ffff                        m_fsl_prodInfo_end = __region_ROM_end__
                0x0007f800                        FREESCALE_PROD_DATA_BASE_ADDR = m_fsl_prodInfo_start
                0x00000800                        NV_STORAGE_SECTOR_SIZE = m_sector_size
                0x00000004                        NV_STORAGE_MAX_SECTORS = gNVMSectorCountLink_d
                0x0007f7ff                        NV_STORAGE_START_ADDRESS = (m_fsl_prodInfo_start - 0x1)
                0x0007d800                        NV_STORAGE_END_ADDRESS = ((NV_STORAGE_START_ADDRESS - (NV_STORAGE_MAX_SECTORS * NV_STORAGE_SECTOR_SIZE)) + 0x1)
                0x00000800                        NV_STORAGE_SECTOR_SIZE_C = m_sector_size
                0x00000004                        NV_STORAGE_MAX_SECTORS_C = gNVMSectorCountLink_d
                0x0007f7ff                        NV_STORAGE_START_ADDRESS_C = (m_fsl_prodInfo_start - 0x1)
                0x0007d800                        NV_STORAGE_END_ADDRESS_C = ((NV_STORAGE_START_ADDRESS_C - (NV_STORAGE_MAX_SECTORS_C * NV_STORAGE_SECTOR_SIZE_C)) + 0x1)
                0x00000000                        m_text_start = m_interrupts_start
                0x0007d7ff                        m_text_end = (NV_STORAGE_END_ADDRESS_C - 0x1)
                0x20000000                        m_interrupts_ram_start = __region_RAM2_start__
                0x200000bf                        m_interrupts_ram_end = ((m_interrupts_ram_start + __ram_vector_table_size__) - 0x1)
                0x20017fff                        __CSTACK_end__ = __region_RAM2_end__
                0x20017dff                        __CSTACK_start__ = (__CSTACK_end__ - __size_cstack__)
                0x20017dfe                        __HEAP_end__ = (__CSTACK_start__ - 0x1)
                0x20017dfa                        __HEAP_start__ = ((__HEAP_end__ - __size_heap__) - 0x4)
                0x1fff8000                        m_data1_start = __region_RAM1_start__
                0x1fffffff                        m_data1_end = __region_RAM1_end__
                0x20000000                        m_data2_start = m_interrupts_ram_start
                0x20017df9                        m_data2_end = (__HEAP_start__ - 0x1)
                0x000000c0                        __RAM_VECTOR_TABLE_SIZE = __ram_vector_table_size__
                0x20017dea                        __BOOT_STACK_ADDRESS = (m_data2_end - 0xf)

.interrupts     0x00000000       0xc0
                0x00000000                        __VECTOR_TABLE = .
                0x00000000                        . = ALIGN (0x4)
 *(SORT_BY_ALIGNMENT(.isr_vector))
 .isr_vector    0x00000000       0xc0 ./startup/startup_MKW41Z4.o
                0x00000000                __isr_vector
                0x000000c0                        . = ALIGN (0x4)

.freescale_prod_data
                0x0007f800        0x0
                0x0007f800                        . = ALIGN (0x4)
 *(SORT_BY_ALIGNMENT(.FREESCALE_PROD_DATA))
                0x0007f800                        . = ALIGN (0x4)

.flash_config   0x00000400       0x10
                0x00000400                        . = ALIGN (0x4)
 *(SORT_BY_ALIGNMENT(.FlashConfig))
 .FlashConfig   0x00000400       0x10 ./startup/startup_MKW41Z4.o
                0x00000410                        . = ALIGN (0x4)

.text           0x00000418    0x17a94
                0x00000418                        . = ALIGN (0x4)
 *(SORT_BY_ALIGNMENT(.text))
 .text          0x00000418       0x80 c:/nxp/mcuxpressoide_11.9.0_2144/ide/plugins/com.nxp.mcuxpresso.tools.win32_11.9.0.202307121226/tools/bin/../lib/gcc/arm-none-eabi/12.3.1/thumb/v6-m/nofp/crt0.o
                0x00000418                _stack_init
                0x00000424                _start
                0x00000424                _mainCRTStartup
 .text          0x00000498       0xc0 ./startup/startup_MKW41Z4.o
                0x00000498                Reset_Handler
                0x000004e0                Radio_0_IRQHandler
                0x000004e0                DMA0_DriverIRQHandler
                0x000004e0                CMP0_IRQHandler
                0x000004e0                DMA2_DriverIRQHandler
                0x000004e0                LPTMR0_IRQHandler
                0x000004e0                FTFA_IRQHandler
                0x000004e0                TPM0_IRQHandler
                0x000004e0                Radio_1_IRQHandler
                0x000004e0                LLWU_IRQHandler
                0x000004e0                TSI0_IRQHandler
                0x000004e0                ADC0_IRQHandler
                0x000004e0                CMT_IRQHandler
                0x000004e0                PORTA_IRQHandler
                0x000004e0                DefaultISR
                0x000004e0                PORTB_PORTC_IRQHandler
                0x000004e0                TPM2_IRQHandler
                0x000004e0                RTC_IRQHandler
                0x000004e0                LVD_LVW_DCDC_IRQHandler
                0x000004e0                DMA3_DriverIRQHandler
                0x000004e0                RTC_Seconds_IRQHandler
                0x000004e0                MCG_IRQHandler
                0x000004e0                TRNG0_IRQHandler
                0x000004e0                Reserved20_IRQHandler
                0x000004e0                LTC0_IRQHandler
                0x000004e0                PIT_IRQHandler
                0x000004e0                TPM1_IRQHandler
                0x000004e0                DMA1_DriverIRQHandler
                0x000004e0                DAC0_IRQHandler
                0x000004ec                SVC_Handler
                0x000004f0                PendSV_Handler
                0x000004f4                SysTick_Handler
                0x000004f8                DMA0_IRQHandler
                0x000004fc                DMA1_IRQHandler
                0x00000500                DMA2_IRQHandler
                0x00000504                DMA3_IRQHandler
                0x00000508                I2C0_IRQHandler
                0x0000050c                I2C1_IRQHandler
                0x00000510                SPI0_IRQHandler
                0x00000514                LPUART0_IRQHandler
                0x00000518                SPI1_IRQHandler
 .text          0x00000558      0x114 c:/nxp/mcuxpressoide_11.9.0_2144/ide/plugins/com.nxp.mcuxpresso.tools.win32_11.9.0.202307121226/tools/bin/../lib/gcc/arm-none-eabi/12.3.1/thumb/v6-m/nofp\libgcc.a(_udivsi3.o)
                0x00000558                __aeabi_uidiv
                0x00000558                __udivsi3
                0x00000664                __aeabi_uidivmod
 .text          0x0000066c      0x1d4 c:/nxp/mcuxpressoide_11.9.0_2144/ide/plugins/com.nxp.mcuxpresso.tools.win32_11.9.0.202307121226/tools/bin/../lib/gcc/arm-none-eabi/12.3.1/thumb/v6-m/nofp\libgcc.a(_divsi3.o)
                0x0000066c                __divsi3
                0x0000066c                __aeabi_idiv
                0x00000838                __aeabi_idivmod
 .text          0x00000840        0x4 c:/nxp/mcuxpressoide_11.9.0_2144/ide/plugins/com.nxp.mcuxpresso.tools.win32_11.9.0.202307121226/tools/bin/../lib/gcc/arm-none-eabi/12.3.1/thumb/v6-m/nofp\libgcc.a(_dvmd_tls.o)
                0x00000840                __aeabi_idiv0
                0x00000840                __aeabi_ldiv0
 .text          0x00000844       0x74 c:/nxp/mcuxpressoide_11.9.0_2144/ide/plugins/com.nxp.mcuxpresso.tools.win32_11.9.0.202307121226/tools/bin/../lib/gcc/arm-none-eabi/12.3.1/thumb/v6-m/nofp\libgcc.a(_arm_cmpsf2.o)
                0x00000844                __aeabi_cfrcmple
                0x0000084c                __aeabi_cfcmpeq
                0x0000084c                __aeabi_cfcmple
                0x0000085c                __aeabi_fcmpeq
                0x00000868                __aeabi_fcmplt
                0x0000087c                __aeabi_fcmple
                0x00000890                __aeabi_fcmpgt
                0x000008a4                __aeabi_fcmpge
 .text          0x000008b8       0x40 c:/nxp/mcuxpressoide_11.9.0_2144/ide/plugins/com.nxp.mcuxpresso.tools.win32_11.9.0.202307121226/tools/bin/../lib/gcc/arm-none-eabi/12.3.1/thumb/v6-m/nofp\libgcc.a(_aeabi_uldivmod.o)
                0x000008b8                __aeabi_uldivmod
 .text          0x000008f8       0x3c c:/nxp/mcuxpressoide_11.9.0_2144/ide/plugins/com.nxp.mcuxpresso.tools.win32_11.9.0.202307121226/tools/bin/../lib/gcc/arm-none-eabi/12.3.1/thumb/v6-m/nofp\libgcc.a(_clzsi2.o)
                0x000008f8                __clzsi2
 .text          0x00000934       0x18 c:/nxp/mcuxpressoide_11.9.0_2144/ide/plugins/com.nxp.mcuxpresso.tools.win32_11.9.0.202307121226/tools/bin/../lib/gcc/arm-none-eabi/12.3.1/thumb/v6-m/nofp\libgcc.a(_clzdi2.o)
                0x00000934                __clzdi2
 .text          0x0000094c       0x38 C:\Users\diego\Documents\MCUXpressoIDE_11.9.0_2144\redes\Practica1_wireless_examples_ieee_802_15_4_mwa_coordinator_bm\libs\lib_crypto_m0.a(SW_RNG.o)
                0x0000094c                SecLib_set_rng_seed
                0x0000095c                SecLib_get_random
 .text          0x00000984      0x530 C:\Users\diego\Documents\MCUXpressoIDE_11.9.0_2144\redes\Practica1_wireless_examples_ieee_802_15_4_mwa_coordinator_bm\libs\lib802.15.4_mac_06_cm0.a(MacMain.o)
                0x00000984                BindToMAC
                0x000009b0                UnBindFromMAC
                0x000009cc                MAC_EventSet
                0x000009f6                Mac_Task
                0x00000ae8                Mac_InitializeData
                0x00000b8c                Mac_RegisterSapHandlers
                0x00000b9e                PD_MAC_SapHandler
                0x00000bc0                PLME_MAC_SapHandler
                0x00000bc8                NWK_MCPS_SapHandler
                0x00000c24                NWK_MLME_SapHandler
                0x00000ccc                Mlme_VerifyNwkInput
                0x00000dd8                Mac_GetState
                0x00000e40                Dumy_MCPS_NWK_SapHandler
                0x00000e44                Dumy_MLME_NWK_SapHandler
                0x00000e4e                Mac_SetTrxLowPowerMode
                0x00000e82                Mac_SetTrxActiveMode
 .text          0x00000eb4      0xc88 C:\Users\diego\Documents\MCUXpressoIDE_11.9.0_2144\redes\Practica1_wireless_examples_ieee_802_15_4_mwa_coordinator_bm\libs\lib802.15.4_mac_06_cm0.a(MacPib.o)
                0x00000eb4                macInitPIBs
                0x000011c0                macVerifySetReq
                0x000012c4                mlmeGetSetReq
                0x0000184c                mlmeGetSizeOfPIB
                0x0000199a                Mac_SetPhyPIBs
                0x00001aca                Mac_SetExtendedAddress
                0x00001af8                Mac_GetExtendedAddress
 .text          0x00001b3c      0x5a0 C:\Users\diego\Documents\MCUXpressoIDE_11.9.0_2144\redes\Practica1_wireless_examples_ieee_802_15_4_mwa_coordinator_bm\libs\lib802.15.4_mac_06_cm0.a(MacStateMachine.o)
                0x00001b3c                Mac_TransactionExpire
                0x00001b48                Mac_PhyMsgHandler
                0x00001c08                Mac_NwkMsgHandler
                0x00001e3c                Mac_McpsDataReqHandle
 .text          0x000020dc      0x290 C:\Users\diego\Documents\MCUXpressoIDE_11.9.0_2144\redes\Practica1_wireless_examples_ieee_802_15_4_mwa_coordinator_bm\libs\lib802.15.4_mac_06_cm0.a(Poll.o)
                0x000020dc                Poll_VerifyParameters
                0x0000211a                Poll_InitSeq
                0x00002182                Poll_SendStatus
                0x000021bc                Poll_DataRx
                0x00002278                Poll_SendConfirm
                0x00002310                Poll_Timeout
 .text          0x0000236c       0xdc C:\Users\diego\Documents\MCUXpressoIDE_11.9.0_2144\redes\Practica1_wireless_examples_ieee_802_15_4_mwa_coordinator_bm\libs\lib802.15.4_mac_06_cm0.a(RxEnable.o)
                0x0000236c                RxEnable_InitSeq
                0x000023c6                RxEnable_SetRx
                0x00002406                RxEnable_Deactivate
 .text          0x00002448      0x670 C:\Users\diego\Documents\MCUXpressoIDE_11.9.0_2144\redes\Practica1_wireless_examples_ieee_802_15_4_mwa_coordinator_bm\libs\lib802.15.4_mac_06_cm0.a(Scan.o)
                0x00002448                Mac_ScanMsgHandler
                0x000024d6                Scan_StartFastEDScan
                0x00002508                Scan_StartEDScan
                0x00002580                Scan_StartActivePassiveScan
                0x000025da                Scan_StartOrphanScan
                0x0000260a                Scan_Advance
                0x0000262c                Scan_StartTimer
                0x00002658                Scan_FastEdAcquire
                0x000026ae                Scan_EdAcquire
                0x00002702                Scan_ActivePassiveAcquire
                0x00002840                Scan_OrphanAcquire
 .text          0x00002ab8      0x1b6 C:\Users\diego\Documents\MCUXpressoIDE_11.9.0_2144\redes\Practica1_wireless_examples_ieee_802_15_4_mwa_coordinator_bm\libs\lib802.15.4_mac_06_cm0.a(Start.o)
                0x00002ab8                Start_VerifyParameters
                0x00002b78                Start_InitSeq
                0x00002bbe                Start_SetPIBs
                0x00002c1e                CoordRealignment_SendStatus
                0x00002c46                Start_SeqTerminate
 *fill*         0x00002c6e        0x2 
 .text          0x00002c70      0x3c6 C:\Users\diego\Documents\MCUXpressoIDE_11.9.0_2144\redes\Practica1_wireless_examples_ieee_802_15_4_mwa_coordinator_bm\libs\lib802.15.4_mac_06_cm0.a(Association.o)
                0x00002c70                Association_VerifyParameters
                0x00002cc0                Association_InitSeq
                0x00002d24                Association_TriggerPoll
                0x00002d5e                AssociationPoll_SendStatus
                0x00002df8                AssociationPoll_DataRx
                0x00002ef8                AssociationReq_SendStatus
                0x00002fb4                AssociationRes_VerifyParameters
                0x00002fe8                AssociationRes_SendStatus
 *fill*         0x00003036        0x2 
 .text          0x00003038      0x710 C:\Users\diego\Documents\MCUXpressoIDE_11.9.0_2144\redes\Practica1_wireless_examples_ieee_802_15_4_mwa_coordinator_bm\libs\lib802.15.4_mac_06_cm0.a(DataRx.o)
                0x00003038                Mac_PreProcessDataIndication
                0x000030c4                Mac_ProcessDataIndication
                0x000032e4                Mac_ProcessBeaconFrame
                0x00003498                Mac_CreateMcpsDataInd
                0x0000354a                Mac_CreateMlmeCommStatusInd
                0x000035ec                Mac_CreateMlmeSyncLossInd
                0x00003646                Mac_IsPanIdConflict
                0x000036a4                Mac_IsMyCoordinator
                0x000036f6                Mac_PostponeActiveSeq
 .text          0x00003748      0x5d8 C:\Users\diego\Documents\MCUXpressoIDE_11.9.0_2144\redes\Practica1_wireless_examples_ieee_802_15_4_mwa_coordinator_bm\libs\lib802.15.4_mac_06_cm0.a(DataTx.o)
                0x00003748                DataTx_VerifyParameters
                0x000037be                DataTx_InitSeq
                0x000039ac                DataTx_SendData
                0x000039e0                DataTx_SendDataConfirm
                0x00003a7a                DataTx_SendEmptyFrame
                0x00003ab4                DataTx_SendStatus
                0x00003be0                DataTx_CheckForExpirePackets
                0x00003c6c                Mac_GetRandomBackoff
                0x00003c8c                DataTx_CsmaCaRetry
                0x00003cb4                DataTx_Backoff
                0x00003cc6                DataTx_SendDataWithBackoff
                0x00003d14                Mac_InitCsmaCaVariables
 .text          0x00003d20      0x10c C:\Users\diego\Documents\MCUXpressoIDE_11.9.0_2144\redes\Practica1_wireless_examples_ieee_802_15_4_mwa_coordinator_bm\libs\lib802.15.4_mac_06_cm0.a(Disassociation.o)
                0x00003d20                Disassociation_VerifyParameters
                0x00003daa                Disassociation_InitSeq
                0x00003dec                Disassociation_SendStatus
 .text          0x00003e2c      0xca4 C:\Users\diego\Documents\MCUXpressoIDE_11.9.0_2144\redes\Practica1_wireless_examples_ieee_802_15_4_mwa_coordinator_bm\libs\lib802.15.4_mac_06_cm0.a(MacFrames.o)
                0x00003e2c                FrameBuild_AssociationRequest
                0x00003e94                FrameBuild_AssociationResponse
                0x00003f14                FrameBuild_DisassociationNotification
                0x00003f84                FrameBuild_DataRequest
                0x0000403a                FrameBuild_PanIdConflictNotification
                0x0000406c                FrameBuild_OrphanNotification
                0x0000409e                FrameBuild_BeaconRequest
                0x000040dc                FrameBuild_CoordinatorRealignment
                0x00004208                FrameBuild_Beacon
                0x000043c8                FrameBuild_Data
                0x00004650                FrameBuild_ZeroLengthPayload
                0x00004718                Mac_GetMacHeader
                0x000047fc                Mac_GetMaxMsduLength
                0x0000482c                Mac_GetOverheadSize
                0x00004878                FrameBuild_Command
                0x00004acc                addrModeFieldLengthTable
 .text          0x00004ad0       0x4c C:\Users\diego\Documents\MCUXpressoIDE_11.9.0_2144\redes\Practica1_wireless_examples_ieee_802_15_4_mwa_coordinator_bm\libs\lib802.15.4_mac_06_cm0.a(MacMem.o)
                0x00004ad0                Mac_MemAllocZero
                0x00004af0                FrameAlloc
 .text          0x00004b1c      0xa28 C:\Users\diego\Documents\MCUXpressoIDE_11.9.0_2144\redes\Practica1_wireless_examples_ieee_802_15_4_mwa_coordinator_bm\libs\lib802.15.4_mac_06_cm0.a(MacSec.o)
                0x00004b54                Sec_DetermineASHLength
                0x00004b84                keyIdModeToAshLengthTable
                0x00004cea                Sec_CheckBeaconSecurityParameters
                0x00004da8                Sec_SecureTxFrame
                0x00004f60                Sec_CreateAuxSecHeader
                0x00004fe8                Sec_CheckRxSecLevel
                0x00004ff0                Sec_UnsecureRxFrame
 .text          0x00005544       0xce C:\Users\diego\Documents\MCUXpressoIDE_11.9.0_2144\redes\Practica1_wireless_examples_ieee_802_15_4_mwa_coordinator_bm\libs\lib802.15.4_mac_06_cm0.a(Orphan.o)
                0x00005544                Orphan_VerifyParameters
                0x0000557c                Orphan_InitSeq
                0x000055be                Orphan_SendStatus
 .text          0x00005612      0x11c C:\Users\diego\Documents\MCUXpressoIDE_11.9.0_2144\redes\Practica1_wireless_examples_ieee_802_15_4_mwa_coordinator_bm\libs\lib802.15.4_mac_06_cm0.a(Reset.o)
                0x00005612                mlmeResetReq
 .text          0x0000572e       0xfa C:\Users\diego\Documents\MCUXpressoIDE_11.9.0_2144\redes\Practica1_wireless_examples_ieee_802_15_4_mwa_coordinator_bm\libs\lib802.15.4_mac_06_cm0.a(MacSequenceMngr.o)
                0x0000572e                getFirstSequenceByChecksum
                0x00005748                getLastSequenceByChecksum
                0x00005768                getSequenceByDestination
                0x00005792                getSequenceByMsduHandle
                0x000057b2                createNewSeq
                0x000057c8                getChecksum
                0x000057f4                getFreeIndex
 .text          0x00005828       0x68 C:\Users\diego\Documents\MCUXpressoIDE_11.9.0_2144\redes\Practica1_wireless_examples_ieee_802_15_4_mwa_coordinator_bm\libs\lib802.15.4_mac_06_cm0.a(SecurityLib.o)
                0x00005828                AES_128_CCM_Star
 *(SORT_BY_ALIGNMENT(.text*))
 .text.deregister_tm_clones
                0x00005890       0x20 c:/nxp/mcuxpressoide_11.9.0_2144/ide/plugins/com.nxp.mcuxpresso.tools.win32_11.9.0.202307121226/tools/bin/../lib/gcc/arm-none-eabi/12.3.1/thumb/v6-m/nofp/crtbegin.o
 .text.register_tm_clones
                0x000058b0       0x28 c:/nxp/mcuxpressoide_11.9.0_2144/ide/plugins/com.nxp.mcuxpresso.tools.win32_11.9.0.202307121226/tools/bin/../lib/gcc/arm-none-eabi/12.3.1/thumb/v6-m/nofp/crtbegin.o
 .text.__do_global_dtors_aux
                0x000058d8       0x2c c:/nxp/mcuxpressoide_11.9.0_2144/ide/plugins/com.nxp.mcuxpresso.tools.win32_11.9.0.202307121226/tools/bin/../lib/gcc/arm-none-eabi/12.3.1/thumb/v6-m/nofp/crtbegin.o
 .text.frame_dummy
                0x00005904       0x24 c:/nxp/mcuxpressoide_11.9.0_2144/ide/plugins/com.nxp.mcuxpresso.tools.win32_11.9.0.202307121226/tools/bin/../lib/gcc/arm-none-eabi/12.3.1/thumb/v6-m/nofp/crtbegin.o
 .text.DbgConsole_Printf
                0x00005928       0x44 ./utilities/fsl_debug_console.o
                0x00005928                DbgConsole_Printf
 .text.DbgConsole_Putchar
                0x0000596c       0x34 ./utilities/fsl_debug_console.o
                0x0000596c                DbgConsole_Putchar
 .text.myTaskTimerCallback
                0x000059a0       0x20 ./source/MyNewTask.o
 .text.My_Task  0x000059c0       0xc0 ./source/MyNewTask.o
                0x000059c0                My_Task
 .text.MyTask_Init
                0x00005a80       0x34 ./source/MyNewTask.o
                0x00005a80                MyTask_Init
 .text.main_task
                0x00005ab4       0x7c ./source/mwa_coordinator.o
                0x00005ab4                main_task
 .text.App_init
                0x00005b30       0xb8 ./source/mwa_coordinator.o
                0x00005b30                App_init
 .text.AppThread
                0x00005be8      0x314 ./source/mwa_coordinator.o
                0x00005be8                AppThread
 .text.UartRxCallBack
                0x00005efc       0x64 ./source/mwa_coordinator.o
 .text.App_StartScan
                0x00005f60       0xc8 ./source/mwa_coordinator.o
 .text.App_HandleScanEdConfirm
                0x00006028       0xc8 ./source/mwa_coordinator.o
 .text.App_StartCoordinator
                0x000060f0      0x160 ./source/mwa_coordinator.o
 .text.App_SendAssociateResponse
                0x00006250      0x35c ./source/mwa_coordinator.o
 .text.App_HandleMlmeInput
                0x000065ac       0x6c ./source/mwa_coordinator.o
 .text.App_HandleMcpsInput
                0x00006618      0x120 ./source/mwa_coordinator.o
 .text.App_TransmitUartData
                0x00006738      0x1a4 ./source/mwa_coordinator.o
 .text.App_HandleKeys
                0x000068dc       0x40 ./source/mwa_coordinator.o
 .text.MLME_NWK_SapHandler
                0x0000691c       0x34 ./source/mwa_coordinator.o
                0x0000691c                MLME_NWK_SapHandler
 .text.MCPS_NWK_SapHandler
                0x00006950       0x34 ./source/mwa_coordinator.o
                0x00006950                MCPS_NWK_SapHandler
 .text.HardFault_Handler
                0x00006984       0x38 ./source/semihost_hardfault.o
                0x00006984                HardFault_Handler
 .text.NVIC_EnableIRQ
                0x000069bc       0x2c ./ieee_802.15.4/phy/source/MKW41Z/PhyISR.o
 .text.NVIC_SetPendingIRQ
                0x000069e8       0x30 ./ieee_802.15.4/phy/source/MKW41Z/PhyISR.o
 .text.NVIC_ClearPendingIRQ
                0x00006a18       0x30 ./ieee_802.15.4/phy/source/MKW41Z/PhyISR.o
 .text.NVIC_SetPriority
                0x00006a48       0xdc ./ieee_802.15.4/phy/source/MKW41Z/PhyISR.o
 .text.ProtectFromXcvrInterrupt
                0x00006b24       0x3c ./ieee_802.15.4/phy/source/MKW41Z/PhyISR.o
                0x00006b24                ProtectFromXcvrInterrupt
 .text.UnprotectFromXcvrInterrupt
                0x00006b60       0x44 ./ieee_802.15.4/phy/source/MKW41Z/PhyISR.o
                0x00006b60                UnprotectFromXcvrInterrupt
 .text.PhyIsrPassRxParams
                0x00006ba4       0x1c ./ieee_802.15.4/phy/source/MKW41Z/PhyISR.o
                0x00006ba4                PhyIsrPassRxParams
 .text.PhyIsrSeqCleanup
                0x00006bc0       0x5c ./ieee_802.15.4/phy/source/MKW41Z/PhyISR.o
 .text.PhyIsrTimeoutCleanup
                0x00006c1c       0x60 ./ieee_802.15.4/phy/source/MKW41Z/PhyISR.o
 .text.Phy_GetEnergyLevel
                0x00006c7c       0x58 ./ieee_802.15.4/phy/source/MKW41Z/PhyISR.o
                0x00006c7c                Phy_GetEnergyLevel
 .text.PHY_InterruptHandler
                0x00006cd4      0x368 ./ieee_802.15.4/phy/source/MKW41Z/PhyISR.o
                0x00006cd4                PHY_InterruptHandler
 .text.PHY_InstallIsr
                0x0000703c       0x30 ./ieee_802.15.4/phy/source/MKW41Z/PhyISR.o
                0x0000703c                PHY_InstallIsr
 .text.Phy_GetRxParams
                0x0000706c       0x74 ./ieee_802.15.4/phy/source/MKW41Z/PhyISR.o
 .text.PhyHwInit
                0x000070e0      0x13c ./ieee_802.15.4/phy/source/MKW41Z/PhyPacketProcessor.o
                0x000070e0                PhyHwInit
 .text.PhyAbort
                0x0000721c       0xb4 ./ieee_802.15.4/phy/source/MKW41Z/PhyPacketProcessor.o
                0x0000721c                PhyAbort
 .text.PhyPpGetState
                0x000072d0       0x1c ./ieee_802.15.4/phy/source/MKW41Z/PhyPacketProcessor.o
                0x000072d0                PhyPpGetState
 .text.PhyPpSetPanId
                0x000072ec       0x70 ./ieee_802.15.4/phy/source/MKW41Z/PhyPacketProcessor.o
                0x000072ec                PhyPpSetPanId
 .text.PhyPpSetShortAddr
                0x0000735c       0x70 ./ieee_802.15.4/phy/source/MKW41Z/PhyPacketProcessor.o
                0x0000735c                PhyPpSetShortAddr
 .text.PhyPpSetLongAddr
                0x000073cc       0x60 ./ieee_802.15.4/phy/source/MKW41Z/PhyPacketProcessor.o
                0x000073cc                PhyPpSetLongAddr
 .text.PhyPpSetMacRole
                0x0000742c       0x90 ./ieee_802.15.4/phy/source/MKW41Z/PhyPacketProcessor.o
                0x0000742c                PhyPpSetMacRole
 .text.PhyPpSetPromiscuous
                0x000074bc       0x5c ./ieee_802.15.4/phy/source/MKW41Z/PhyPacketProcessor.o
                0x000074bc                PhyPpSetPromiscuous
 .text.PhyPp_IndirectQueueInsert
                0x00007518       0x6c ./ieee_802.15.4/phy/source/MKW41Z/PhyPacketProcessor.o
                0x00007518                PhyPp_IndirectQueueInsert
 .text.PhyPp_RemoveFromIndirect
                0x00007584       0x60 ./ieee_802.15.4/phy/source/MKW41Z/PhyPacketProcessor.o
                0x00007584                PhyPp_RemoveFromIndirect
 .text.PhyPpIsTxAckDataPending
                0x000075e4       0x4c ./ieee_802.15.4/phy/source/MKW41Z/PhyPacketProcessor.o
                0x000075e4                PhyPpIsTxAckDataPending
 .text.PhyPlmeSetPwrState
                0x00007630      0x128 ./ieee_802.15.4/phy/source/MKW41Z/PhyPacketProcessor.o
                0x00007630                PhyPlmeSetPwrState
 .text.PhyPdDataRequest
                0x00007758      0x1b0 ./ieee_802.15.4/phy/source/MKW41Z/PhyPlmeData.o
                0x00007758                PhyPdDataRequest
 .text.PhyPlmeRxRequest
                0x00007908      0x16c ./ieee_802.15.4/phy/source/MKW41Z/PhyPlmeData.o
                0x00007908                PhyPlmeRxRequest
 .text.PhyPlmeCcaEdRequest
                0x00007a74      0x11c ./ieee_802.15.4/phy/source/MKW41Z/PhyPlmeData.o
                0x00007a74                PhyPlmeCcaEdRequest
 .text.PhyPlmeSetCurrentChannelRequest
                0x00007b90       0x8c ./ieee_802.15.4/phy/source/MKW41Z/PhyPlmeData.o
                0x00007b90                PhyPlmeSetCurrentChannelRequest
 .text.PhyPlmeGetCurrentChannelRequest
                0x00007c1c       0x3c ./ieee_802.15.4/phy/source/MKW41Z/PhyPlmeData.o
                0x00007c1c                PhyPlmeGetCurrentChannelRequest
 .text.PhyPlmeSetPwrLevelRequest
                0x00007c58       0x7c ./ieee_802.15.4/phy/source/MKW41Z/PhyPlmeData.o
                0x00007c58                PhyPlmeSetPwrLevelRequest
 .text.PhyPlmeGetPwrLevelRequest
                0x00007cd4       0x34 ./ieee_802.15.4/phy/source/MKW41Z/PhyPlmeData.o
                0x00007cd4                PhyPlmeGetPwrLevelRequest
 .text.PhyPlmeSetPIBRequest
                0x00007d08      0x1d0 ./ieee_802.15.4/phy/source/MKW41Z/PhyPlmeData.o
                0x00007d08                PhyPlmeSetPIBRequest
 .text.PhyPlmeGetPIBRequest
                0x00007ed8      0x3c0 ./ieee_802.15.4/phy/source/MKW41Z/PhyPlmeData.o
                0x00007ed8                PhyPlmeGetPIBRequest
 .text.PhyRxRetry
                0x00008298       0x74 ./ieee_802.15.4/phy/source/MKW41Z/PhyPlmeData.o
 .text.Phy_Init
                0x0000830c       0x40 ./ieee_802.15.4/phy/source/MKW41Z/PhyStateMachine.o
                0x0000830c                Phy_Init
 .text.Phy_RegisterSapHandlers
                0x0000834c       0x24 ./ieee_802.15.4/phy/source/MKW41Z/PhyStateMachine.o
                0x0000834c                Phy_RegisterSapHandlers
 .text.Phy24Task
                0x00008370      0x25c ./ieee_802.15.4/phy/source/MKW41Z/PhyStateMachine.o
 .text.MAC_PD_SapHandler
                0x000085cc       0xb0 ./ieee_802.15.4/phy/source/MKW41Z/PhyStateMachine.o
                0x000085cc                MAC_PD_SapHandler
 .text.MAC_PLME_SapHandler
                0x0000867c      0x194 ./ieee_802.15.4/phy/source/MKW41Z/PhyStateMachine.o
                0x0000867c                MAC_PLME_SapHandler
 .text.Phy_HandlePdDataReq
                0x00008810      0x188 ./ieee_802.15.4/phy/source/MKW41Z/PhyStateMachine.o
 .text.Phy_EnterIdle
                0x00008998       0x88 ./ieee_802.15.4/phy/source/MKW41Z/PhyStateMachine.o
 .text.PhyPlmeSetFrameWaitTime
                0x00008a20       0x1c ./ieee_802.15.4/phy/source/MKW41Z/PhyStateMachine.o
                0x00008a20                PhyPlmeSetFrameWaitTime
 .text.PhyPlmeSetRxOnWhenIdle
                0x00008a3c       0x88 ./ieee_802.15.4/phy/source/MKW41Z/PhyStateMachine.o
                0x00008a3c                PhyPlmeSetRxOnWhenIdle
 .text.PhyIsIdleRx
                0x00008ac4       0x4c ./ieee_802.15.4/phy/source/MKW41Z/PhyStateMachine.o
                0x00008ac4                PhyIsIdleRx
 .text.Radio_Phy_PdDataConfirm
                0x00008b10       0x94 ./ieee_802.15.4/phy/source/MKW41Z/PhyStateMachine.o
                0x00008b10                Radio_Phy_PdDataConfirm
 .text.Radio_Phy_PdDataIndication
                0x00008ba4       0x24 ./ieee_802.15.4/phy/source/MKW41Z/PhyStateMachine.o
                0x00008ba4                Radio_Phy_PdDataIndication
 .text.Radio_Phy_PlmeCcaConfirm
                0x00008bc8       0x34 ./ieee_802.15.4/phy/source/MKW41Z/PhyStateMachine.o
                0x00008bc8                Radio_Phy_PlmeCcaConfirm
 .text.Radio_Phy_PlmeEdConfirm
                0x00008bfc       0x34 ./ieee_802.15.4/phy/source/MKW41Z/PhyStateMachine.o
                0x00008bfc                Radio_Phy_PlmeEdConfirm
 .text.Radio_Phy_TimeRxTimeoutIndication
                0x00008c30       0x30 ./ieee_802.15.4/phy/source/MKW41Z/PhyStateMachine.o
                0x00008c30                Radio_Phy_TimeRxTimeoutIndication
 .text.Radio_Phy_PlmeRxWatermark
                0x00008c60       0xb8 ./ieee_802.15.4/phy/source/MKW41Z/PhyStateMachine.o
                0x00008c60                Radio_Phy_PlmeRxWatermark
 .text.Radio_Phy_PlmeFilterFailRx
                0x00008d18       0x54 ./ieee_802.15.4/phy/source/MKW41Z/PhyStateMachine.o
                0x00008d18                Radio_Phy_PlmeFilterFailRx
 .text.PLME_SendMessage
                0x00008d6c       0xd4 ./ieee_802.15.4/phy/source/MKW41Z/PhyStateMachine.o
 .text.PD_SendMessage
                0x00008e40      0x268 ./ieee_802.15.4/phy/source/MKW41Z/PhyStateMachine.o
 .text.Phy_SendLatePLME
                0x000090a8       0x24 ./ieee_802.15.4/phy/source/MKW41Z/PhyStateMachine.o
 .text.Phy_SendLatePD
                0x000090cc       0x24 ./ieee_802.15.4/phy/source/MKW41Z/PhyStateMachine.o
 .text.Radio_Phy_Notify
                0x000090f0       0x18 ./ieee_802.15.4/phy/source/MKW41Z/PhyStateMachine.o
                0x000090f0                Radio_Phy_Notify
 .text.PhyTimeSetEventTrigger
                0x00009108       0x68 ./ieee_802.15.4/phy/source/MKW41Z/PhyTime.o
                0x00009108                PhyTimeSetEventTrigger
 .text.PhyTimeDisableEventTrigger
                0x00009170       0x5c ./ieee_802.15.4/phy/source/MKW41Z/PhyTime.o
                0x00009170                PhyTimeDisableEventTrigger
 .text.PhyTimeSetEventTimeout
                0x000091cc       0x74 ./ieee_802.15.4/phy/source/MKW41Z/PhyTime.o
                0x000091cc                PhyTimeSetEventTimeout
 .text.PhyTimeGetEventTimeout
                0x00009240       0x20 ./ieee_802.15.4/phy/source/MKW41Z/PhyTime.o
                0x00009240                PhyTimeGetEventTimeout
 .text.PhyTimeDisableEventTimeout
                0x00009260       0x60 ./ieee_802.15.4/phy/source/MKW41Z/PhyTime.o
                0x00009260                PhyTimeDisableEventTimeout
 .text.PhyTimeReadClock
                0x000092c0       0x28 ./ieee_802.15.4/phy/source/MKW41Z/PhyTime.o
                0x000092c0                PhyTimeReadClock
 .text.PhyTimeSetWaitTimeout
                0x000092e8       0x6c ./ieee_802.15.4/phy/source/MKW41Z/PhyTime.o
                0x000092e8                PhyTimeSetWaitTimeout
 .text.PhyTimeDisableWaitTimeout
                0x00009354       0x50 ./ieee_802.15.4/phy/source/MKW41Z/PhyTime.o
                0x00009354                PhyTimeDisableWaitTimeout
 .text.PhyTime_ISR
                0x000093a4       0x54 ./ieee_802.15.4/phy/source/MKW41Z/PhyTime.o
                0x000093a4                PhyTime_ISR
 .text.PhyTime_TimerInit
                0x000093f8       0x90 ./ieee_802.15.4/phy/source/MKW41Z/PhyTime.o
                0x000093f8                PhyTime_TimerInit
 .text.PhyTime_GetTimestamp
                0x00009488       0x80 ./ieee_802.15.4/phy/source/MKW41Z/PhyTime.o
                0x00009488                PhyTime_GetTimestamp
 .text.PhyTime_ScheduleEvent
                0x00009508       0xe8 ./ieee_802.15.4/phy/source/MKW41Z/PhyTime.o
                0x00009508                PhyTime_ScheduleEvent
 .text.PhyTime_CancelEvent
                0x000095f0       0xa4 ./ieee_802.15.4/phy/source/MKW41Z/PhyTime.o
                0x000095f0                PhyTime_CancelEvent
 .text.PhyTime_CancelEventsWithParam
                0x00009694       0xac ./ieee_802.15.4/phy/source/MKW41Z/PhyTime.o
                0x00009694                PhyTime_CancelEventsWithParam
 .text.PhyTime_RunCallback
                0x00009740       0x70 ./ieee_802.15.4/phy/source/MKW41Z/PhyTime.o
                0x00009740                PhyTime_RunCallback
 .text.PhyTime_Maintenance
                0x000097b0       0xa8 ./ieee_802.15.4/phy/source/MKW41Z/PhyTime.o
                0x000097b0                PhyTime_Maintenance
 .text.PhyTime_OverflowCB
                0x00009858       0x50 ./ieee_802.15.4/phy/source/MKW41Z/PhyTime.o
 .text.PhyTime_GetNextEvent
                0x000098a8       0x74 ./ieee_802.15.4/phy/source/MKW41Z/PhyTime.o
 .text.MAC_Init
                0x0000991c       0x68 ./ieee_802.15.4/mac/source/App/MacGlobals.o
                0x0000991c                MAC_Init
 .text.XCVR_Init
                0x00009984      0x128 ./framework/XCVR/MKW41Z4/fsl_xcvr.o
                0x00009984                XCVR_Init
 .text.XCVR_GetDefaultConfig
                0x00009aac      0x174 ./framework/XCVR/MKW41Z4/fsl_xcvr.o
                0x00009aac                XCVR_GetDefaultConfig
 .text.XCVR_Configure
                0x00009c20      0x98c ./framework/XCVR/MKW41Z4/fsl_xcvr.o
                0x00009c20                XCVR_Configure
 .text.XcvrPanic
                0x0000a5ac       0x40 ./framework/XCVR/MKW41Z4/fsl_xcvr.o
                0x0000a5ac                XcvrPanic
 .text.XCVR_SetXtalTrim
                0x0000a5ec       0x64 ./framework/XCVR/MKW41Z4/fsl_xcvr.o
                0x0000a5ec                XCVR_SetXtalTrim
 .text.XCVR_OverrideChannel
                0x0000a650      0x140 ./framework/XCVR/MKW41Z4/fsl_xcvr.o
                0x0000a650                XCVR_OverrideChannel
 .text.XCVR_ForceRxWu
                0x0000a790       0x1c ./framework/XCVR/MKW41Z4/fsl_xcvr.o
                0x0000a790                XCVR_ForceRxWu
 .text.XCVR_ForceRxWd
                0x0000a7ac       0x1c ./framework/XCVR/MKW41Z4/fsl_xcvr.o
                0x0000a7ac                XCVR_ForceRxWd
 .text.calc_dcoc_dac_step
                0x0000a7c8       0x88 ./framework/XCVR/MKW41Z4/fsl_xcvr_trim.o
                0x0000a7c8                calc_dcoc_dac_step
 .text.rx_dc_est_average
                0x0000a850      0x1a0 ./framework/XCVR/MKW41Z4/fsl_xcvr_trim.o
                0x0000a850                rx_dc_est_average
 .text.rx_bba_dcoc_dac_trim_DCest
                0x0000a9f0      0x7bc ./framework/XCVR/MKW41Z4/fsl_xcvr_trim.o
                0x0000a9f0                rx_bba_dcoc_dac_trim_DCest
 .text.DCOC_DAC_INIT_Cal
                0x0000b1ac      0x5b0 ./framework/XCVR/MKW41Z4/fsl_xcvr_trim.o
                0x0000b1ac                DCOC_DAC_INIT_Cal
 .text.read_first_ifr_word
                0x0000b75c       0x20 ./framework/XCVR/MKW41Z4/ifr_radio.o
                0x0000b75c                read_first_ifr_word
 .text.read_another_ifr_word
                0x0000b77c       0x2c ./framework/XCVR/MKW41Z4/ifr_radio.o
                0x0000b77c                read_another_ifr_word
 .text.read_resource_ifr
                0x0000b7a8       0xd4 ./framework/XCVR/MKW41Z4/ifr_radio.o
                0x0000b7a8                read_resource_ifr
 .text.handle_ifr
                0x0000b87c      0x184 ./framework/XCVR/MKW41Z4/ifr_radio.o
                0x0000b87c                handle_ifr
 .text.NVIC_EnableIRQ
                0x0000ba00       0x2c ./framework/TimersManager/Source/TMR_Adapter.o
 .text.NVIC_ClearPendingIRQ
                0x0000ba2c       0x30 ./framework/TimersManager/Source/TMR_Adapter.o
 .text.NVIC_SetPriority
                0x0000ba5c       0xdc ./framework/TimersManager/Source/TMR_Adapter.o
 .text.StackTimer_Init
                0x0000bb38       0x98 ./framework/TimersManager/Source/TMR_Adapter.o
                0x0000bb38                StackTimer_Init
 .text.StackTimer_Enable
                0x0000bbd0       0x1c ./framework/TimersManager/Source/TMR_Adapter.o
                0x0000bbd0                StackTimer_Enable
 .text.StackTimer_Disable
                0x0000bbec       0x18 ./framework/TimersManager/Source/TMR_Adapter.o
                0x0000bbec                StackTimer_Disable
 .text.StackTimer_GetCounterValue
                0x0000bc04       0x14 ./framework/TimersManager/Source/TMR_Adapter.o
                0x0000bc04                StackTimer_GetCounterValue
 .text.StackTimer_SetOffsetTicks
                0x0000bc18       0x24 ./framework/TimersManager/Source/TMR_Adapter.o
                0x0000bc18                StackTimer_SetOffsetTicks
 .text.StackTimer_ClearIntFlag
                0x0000bc3c       0x30 ./framework/TimersManager/Source/TMR_Adapter.o
                0x0000bc3c                StackTimer_ClearIntFlag
 .text.TMR_GetTimerStatus
                0x0000bc6c       0x28 ./framework/TimersManager/Source/TimersManager.o
 .text.TMR_SetTimerStatus
                0x0000bc94       0x44 ./framework/TimersManager/Source/TimersManager.o
 .text.TMR_GetTimerType
                0x0000bcd8       0x28 ./framework/TimersManager/Source/TimersManager.o
 .text.TMR_SetTimerType
                0x0000bd00       0x44 ./framework/TimersManager/Source/TimersManager.o
 .text.TmrTicksFromMilliseconds
                0x0000bd44       0x48 ./framework/TimersManager/Source/TimersManager.o
                0x0000bd44                TmrTicksFromMilliseconds
 .text.TMR_Init
                0x0000bd8c       0x80 ./framework/TimersManager/Source/TimersManager.o
                0x0000bd8c                TMR_Init
 .text.TMR_NotifyClkChanged
                0x0000be0c       0x44 ./framework/TimersManager/Source/TimersManager.o
                0x0000be0c                TMR_NotifyClkChanged
 .text.TMR_AllocateTimer
                0x0000be50       0x50 ./framework/TimersManager/Source/TimersManager.o
                0x0000be50                TMR_AllocateTimer
 .text.StackTimer_ISR
                0x0000bea0       0x24 ./framework/TimersManager/Source/TimersManager.o
 .text.TMR_StartTimer
                0x0000bec4       0xe8 ./framework/TimersManager/Source/TimersManager.o
                0x0000bec4                TMR_StartTimer
 .text.TMR_StopTimer
                0x0000bfac       0xe8 ./framework/TimersManager/Source/TimersManager.o
                0x0000bfac                TMR_StopTimer
 .text.TMR_Task
                0x0000c094      0x4fc ./framework/TimersManager/Source/TimersManager.o
                0x0000c094                TMR_Task
 .text.TMR_EnableTimer
                0x0000c590       0x84 ./framework/TimersManager/Source/TimersManager.o
                0x0000c590                TMR_EnableTimer
 .text.NVIC_EnableIRQ
                0x0000c614       0x2c ./framework/SerialManager/Source/UART_Adapter/UART_Adapter.o
 .text.NVIC_SetPriority
                0x0000c640       0xdc ./framework/SerialManager/Source/UART_Adapter/UART_Adapter.o
 .text.LPUART_Initialize
                0x0000c71c       0xe8 ./framework/SerialManager/Source/UART_Adapter/UART_Adapter.o
                0x0000c71c                LPUART_Initialize
 .text.LPUART_SetBaudrate
                0x0000c804       0x44 ./framework/SerialManager/Source/UART_Adapter/UART_Adapter.o
                0x0000c804                LPUART_SetBaudrate
 .text.LPUART_SendData
                0x0000c848       0xc0 ./framework/SerialManager/Source/UART_Adapter/UART_Adapter.o
                0x0000c848                LPUART_SendData
 .text.LPUART_InstallRxCalback
                0x0000c908       0x44 ./framework/SerialManager/Source/UART_Adapter/UART_Adapter.o
                0x0000c908                LPUART_InstallRxCalback
 .text.LPUART_InstallTxCalback
                0x0000c94c       0x44 ./framework/SerialManager/Source/UART_Adapter/UART_Adapter.o
                0x0000c94c                LPUART_InstallTxCalback
 .text.LPUART_IsTxActive
                0x0000c990       0x58 ./framework/SerialManager/Source/UART_Adapter/UART_Adapter.o
                0x0000c990                LPUART_IsTxActive
 .text.LPUART_ISR
                0x0000c9e8      0x17c ./framework/SerialManager/Source/UART_Adapter/UART_Adapter.o
 .text.SerialManager_Init
                0x0000cb64       0x80 ./framework/SerialManager/Source/SerialManager.o
                0x0000cb64                SerialManager_Init
 .text.SerialManagerTask
                0x0000cbe4      0x178 ./framework/SerialManager/Source/SerialManager.o
                0x0000cbe4                SerialManagerTask
 .text.Serial_InitInterface
                0x0000cd5c      0x12c ./framework/SerialManager/Source/SerialManager.o
                0x0000cd5c                Serial_InitInterface
 .text.Serial_AsyncWrite
                0x0000ce88      0x164 ./framework/SerialManager/Source/SerialManager.o
                0x0000ce88                Serial_AsyncWrite
 .text.Serial_SyncWrite
                0x0000cfec       0xa0 ./framework/SerialManager/Source/SerialManager.o
                0x0000cfec                Serial_SyncWrite
 .text.Serial_Read
                0x0000d08c      0x11c ./framework/SerialManager/Source/SerialManager.o
                0x0000d08c                Serial_Read
 .text.Serial_RxBufferByteCount
                0x0000d1a8       0xdc ./framework/SerialManager/Source/SerialManager.o
                0x0000d1a8                Serial_RxBufferByteCount
 .text.Serial_SetRxCallBack
                0x0000d284       0x68 ./framework/SerialManager/Source/SerialManager.o
                0x0000d284                Serial_SetRxCallBack
 .text.Serial_SetBaudRate
                0x0000d2ec       0x84 ./framework/SerialManager/Source/SerialManager.o
                0x0000d2ec                Serial_SetBaudRate
 .text.Serial_WriteInternal
                0x0000d370      0x11c ./framework/SerialManager/Source/SerialManager.o
 .text.SerialManager_RxNotify
                0x0000d48c       0xc0 ./framework/SerialManager/Source/SerialManager.o
                0x0000d48c                SerialManager_RxNotify
 .text.SerialManager_TxNotify
                0x0000d54c       0xec ./framework/SerialManager/Source/SerialManager.o
                0x0000d54c                SerialManager_TxNotify
 .text.Serial_TxQueueMaintenance
                0x0000d638      0x11c ./framework/SerialManager/Source/SerialManager.o
 .text.Serial_UartRxCb
                0x0000d754       0x4c ./framework/SerialManager/Source/SerialManager.o
 .text.SecLib_Init
                0x0000d7a0       0x18 ./framework/SecLib/SecLib.o
                0x0000d7a0                SecLib_Init
 .text.AES_128_CCM
                0x0000d7b8       0xd0 ./framework/SecLib/SecLib.o
                0x0000d7b8                AES_128_CCM
 .text.NVIC_EnableIRQ
                0x0000d888       0x2c ./framework/RNG/Source/RNG.o
 .text.RNG_Init
                0x0000d8b4       0xe0 ./framework/RNG/Source/RNG.o
                0x0000d8b4                RNG_Init
 .text.TRNG_ISR
                0x0000d994       0x3c ./framework/RNG/Source/RNG.o
 .text.OSA_EnableIRQGlobal
                0x0000d9d0       0x2c ./framework/OSAbstraction/Source/fsl_os_abstraction_bm.o
                0x0000d9d0                OSA_EnableIRQGlobal
 .text.OSA_DisableIRQGlobal
                0x0000d9fc       0x1c ./framework/OSAbstraction/Source/fsl_os_abstraction_bm.o
                0x0000d9fc                OSA_DisableIRQGlobal
 .text.OSA_TaskGetId
                0x0000da18       0x14 ./framework/OSAbstraction/Source/fsl_os_abstraction_bm.o
                0x0000da18                OSA_TaskGetId
 .text.task_init
                0x0000da2c       0x64 ./framework/OSAbstraction/Source/fsl_os_abstraction_bm.o
                0x0000da2c                task_init
 .text.OSA_TaskCreate
                0x0000da90      0x104 ./framework/OSAbstraction/Source/fsl_os_abstraction_bm.o
                0x0000da90                OSA_TaskCreate
 .text.OSA_EventCreate
                0x0000db94       0x64 ./framework/OSAbstraction/Source/fsl_os_abstraction_bm.o
                0x0000db94                OSA_EventCreate
 .text.OSA_EventSet
                0x0000dbf8       0x54 ./framework/OSAbstraction/Source/fsl_os_abstraction_bm.o
                0x0000dbf8                OSA_EventSet
 .text.OSA_EventWait
                0x0000dc4c       0xc4 ./framework/OSAbstraction/Source/fsl_os_abstraction_bm.o
                0x0000dc4c                OSA_EventWait
 .text.main     0x0000dd10       0x2c ./framework/OSAbstraction/Source/fsl_os_abstraction_bm.o
                0x0000dd10                main
 .text.OSA_Start
                0x0000dd3c       0x50 ./framework/OSAbstraction/Source/fsl_os_abstraction_bm.o
                0x0000dd3c                OSA_Start
 .text.MEM_Init
                0x0000dd8c       0xc4 ./framework/MemManager/Source/MemManager.o
                0x0000dd8c                MEM_Init
 .text.MEM_BufferAllocWithId
                0x0000de50       0xb8 ./framework/MemManager/Source/MemManager.o
                0x0000de50                MEM_BufferAllocWithId
 .text.MEM_BufferFree
                0x0000df08       0xb0 ./framework/MemManager/Source/MemManager.o
                0x0000df08                MEM_BufferFree
 .text.LED_Init
                0x0000dfb8       0x2c ./framework/LED/Source/LED.o
                0x0000dfb8                LED_Init
 .text.LED_Operate
                0x0000dfe4       0x8c ./framework/LED/Source/LED.o
                0x0000dfe4                LED_Operate
 .text.LED_StartBlip
                0x0000e070       0x64 ./framework/LED/Source/LED.o
                0x0000e070                LED_StartBlip
 .text.LED_StopFlash
                0x0000e0d4       0x4c ./framework/LED/Source/LED.o
                0x0000e0d4                LED_StopFlash
 .text.LED_SetLed
                0x0000e120       0xb8 ./framework/LED/Source/LED.o
                0x0000e120                LED_SetLed
 .text.LED_StartFlashWithPeriod
                0x0000e1d8       0x58 ./framework/LED/Source/LED.o
                0x0000e1d8                LED_StartFlashWithPeriod
 .text.LED_StartSerialFlashWithPeriod
                0x0000e230       0x74 ./framework/LED/Source/LED.o
                0x0000e230                LED_StartSerialFlashWithPeriod
 .text.LED_StopSerialFlash
                0x0000e2a4       0x44 ./framework/LED/Source/LED.o
                0x0000e2a4                LED_StopSerialFlash
 .text.LED_DecrementBlip
                0x0000e2e8       0x8c ./framework/LED/Source/LED.o
 .text.LED_FlashTimeout
                0x0000e374       0x74 ./framework/LED/Source/LED.o
 .text.KbGpioInit
                0x0000e3e8       0x58 ./framework/Keyboard/Source/Keyboard.o
 .text.KBD_KeySwitchPortGet
                0x0000e440       0x7c ./framework/Keyboard/Source/Keyboard.o
 .text.KBD_KeyCheck
                0x0000e4bc       0xa0 ./framework/Keyboard/Source/Keyboard.o
 .text.KeyScan  0x0000e55c      0x154 ./framework/Keyboard/Source/Keyboard.o
 .text.Switch_CheckIRQ
                0x0000e6b0       0x50 ./framework/Keyboard/Source/Keyboard.o
 .text.KBD_Init
                0x0000e700       0xdc ./framework/Keyboard/Source/Keyboard.o
                0x0000e700                KBD_Init
 .text.Switch_Press_ISR
                0x0000e7dc       0x70 ./framework/Keyboard/Source/Keyboard.o
                0x0000e7dc                Switch_Press_ISR
 .text.NVIC_EnableIRQ
                0x0000e84c       0x2c ./framework/GPIO/GPIO_Adapter.o
 .text.NVIC_ClearPendingIRQ
                0x0000e878       0x30 ./framework/GPIO/GPIO_Adapter.o
 .text.NVIC_SetPriority
                0x0000e8a8       0xdc ./framework/GPIO/GPIO_Adapter.o
 .text.NVIC_GetPriority
                0x0000e984       0x7c ./framework/GPIO/GPIO_Adapter.o
 .text.PORT_SetPinConfig
                0x0000ea00       0x38 ./framework/GPIO/GPIO_Adapter.o
 .text.PORT_SetPinMux
                0x0000ea38       0x40 ./framework/GPIO/GPIO_Adapter.o
 .text.PORT_SetPinInterruptConfig
                0x0000ea78       0x40 ./framework/GPIO/GPIO_Adapter.o
 .text.GpioSetPinMux
                0x0000eab8       0x44 ./framework/GPIO/GPIO_Adapter.o
                0x0000eab8                GpioSetPinMux
 .text.GpioClearPinIntFlag
                0x0000eafc       0x34 ./framework/GPIO/GPIO_Adapter.o
                0x0000eafc                GpioClearPinIntFlag
 .text.GpioIsPinIntPending
                0x0000eb30       0x38 ./framework/GPIO/GPIO_Adapter.o
                0x0000eb30                GpioIsPinIntPending
 .text.GpioSetPinOutput
                0x0000eb68       0x34 ./framework/GPIO/GPIO_Adapter.o
                0x0000eb68                GpioSetPinOutput
 .text.GpioClearPinOutput
                0x0000eb9c       0x34 ./framework/GPIO/GPIO_Adapter.o
                0x0000eb9c                GpioClearPinOutput
 .text.GpioTogglePinOutput
                0x0000ebd0       0x34 ./framework/GPIO/GPIO_Adapter.o
                0x0000ebd0                GpioTogglePinOutput
 .text.GpioReadPinInput
                0x0000ec04       0x30 ./framework/GPIO/GPIO_Adapter.o
                0x0000ec04                GpioReadPinInput
 .text.GpioInputPinInit
                0x0000ec34      0x104 ./framework/GPIO/GPIO_Adapter.o
                0x0000ec34                GpioInputPinInit
 .text.GpioOutputPinInit
                0x0000ed38      0x100 ./framework/GPIO/GPIO_Adapter.o
                0x0000ed38                GpioOutputPinInit
 .text.GpioInstallIsr
                0x0000ee38      0x2c4 ./framework/GPIO/GPIO_Adapter.o
                0x0000ee38                GpioInstallIsr
 .text.Gpio_CommonIsr
                0x0000f0fc       0xb0 ./framework/GPIO/GPIO_Adapter.o
 .text.Gpio_InstallPortISR
                0x0000f1ac       0x60 ./framework/GPIO/GPIO_Adapter.o
 .text.NV_ComputeCrcOverHWParameters
                0x0000f20c       0xd0 ./framework/Flash/Internal/Flash_Adapter.o
 .text.NV_ReadHWParameters
                0x0000f2dc       0x68 ./framework/Flash/Internal/Flash_Adapter.o
                0x0000f2dc                NV_ReadHWParameters
 .text.CLOCK_EnableClock
                0x0000f344       0x34 ./framework/DCDC/Source/DCDC.o
 .text.ADC16_GetChannelConversionValue
                0x0000f378       0x30 ./framework/DCDC/Source/DCDC.o
 .text.DCDC_MakeADCConversion
                0x0000f3a8       0x44 ./framework/DCDC/Source/DCDC.o
 .text.DCDC_AdjustVbatDiv
                0x0000f3ec       0x68 ./framework/DCDC/Source/DCDC.o
 .text.DCDC_Get1P8VOutputTargetAndVBatInmV
                0x0000f454       0xf4 ./framework/DCDC/Source/DCDC.o
 .text.DCDC_mVTo1P8OutputTargetBoost
                0x0000f548      0x168 ./framework/DCDC/Source/DCDC.o
 .text.DCDC_mVTo1P8OutputTargetBuck
                0x0000f6b0       0xe4 ./framework/DCDC/Source/DCDC.o
 .text.DCDC_mVToMcuVOutputTargetBoost
                0x0000f794       0x8c ./framework/DCDC/Source/DCDC.o
                0x0000f794                DCDC_mVToMcuVOutputTargetBoost
 .text.DCDC_GetOutputTargetsBoost
                0x0000f820       0xcc ./framework/DCDC/Source/DCDC.o
 .text.DCDC_GetOutputTargetsBuck
                0x0000f8ec       0x88 ./framework/DCDC/Source/DCDC.o
 .text.DCDC_VBatMonitorBoost
                0x0000f974      0x1b8 ./framework/DCDC/Source/DCDC.o
 .text.DCDC_VBatMonitorBuck
                0x0000fb2c      0x1bc ./framework/DCDC/Source/DCDC.o
 .text.DCDC_Init
                0x0000fce8      0x218 ./framework/DCDC/Source/DCDC.o
                0x0000fce8                DCDC_Init
 .text.CLOCK_EnableClock
                0x0000ff00       0x34 ./drivers/fsl_adc16.o
 .text.ADC16_GetInstance
                0x0000ff34       0x48 ./drivers/fsl_adc16.o
 .text.ADC16_Init
                0x0000ff7c      0x114 ./drivers/fsl_adc16.o
                0x0000ff7c                ADC16_Init
 .text.ADC16_SetChannelConfig
                0x00010090       0x6c ./drivers/fsl_adc16.o
                0x00010090                ADC16_SetChannelConfig
 .text.ADC16_GetChannelStatusFlags
                0x000100fc       0x40 ./drivers/fsl_adc16.o
                0x000100fc                ADC16_GetChannelStatusFlags
 .text.CLOCK_SetEr32kClock
                0x0001013c       0x34 ./drivers/fsl_clock.o
 .text.CLOCK_GetMcgExtClkFreq
                0x00010170       0x70 ./drivers/fsl_clock.o
 .text.CLOCK_GetFllExtRefClkFreq
                0x000101e0       0xbc ./drivers/fsl_clock.o
 .text.CLOCK_GetInternalRefClkSelectFreq
                0x0001029c       0x40 ./drivers/fsl_clock.o
 .text.CLOCK_GetFllRefClkFreq
                0x000102dc       0x2c ./drivers/fsl_clock.o
 .text.CLOCK_GetOscRangeFromFreq
                0x00010308       0x4c ./drivers/fsl_clock.o
 .text.CLOCK_GetOsc0ErClkFreq
                0x00010354       0x28 ./drivers/fsl_clock.o
                0x00010354                CLOCK_GetOsc0ErClkFreq
 .text.CLOCK_SetSimConfig
                0x0001037c       0x2c ./drivers/fsl_clock.o
                0x0001037c                CLOCK_SetSimConfig
 .text.CLOCK_GetFllFreq
                0x000103a8       0x78 ./drivers/fsl_clock.o
                0x000103a8                CLOCK_GetFllFreq
 .text.CLOCK_GetInternalRefClkFreq
                0x00010420       0x28 ./drivers/fsl_clock.o
                0x00010420                CLOCK_GetInternalRefClkFreq
 .text.CLOCK_SetExternalRefClkConfig
                0x00010448       0x80 ./drivers/fsl_clock.o
                0x00010448                CLOCK_SetExternalRefClkConfig
 .text.CLOCK_SetInternalRefClkConfig
                0x000104c8      0x124 ./drivers/fsl_clock.o
                0x000104c8                CLOCK_SetInternalRefClkConfig
 .text.CLOCK_InitOsc0
                0x000105ec       0x68 ./drivers/fsl_clock.o
                0x000105ec                CLOCK_InitOsc0
 .text.CLOCK_SetFeeMode
                0x00010654      0x138 ./drivers/fsl_clock.o
                0x00010654                CLOCK_SetFeeMode
 .text.__assertion_failed
                0x0001078c       0x1c ./drivers/fsl_common.o
                0x0001078c                __assertion_failed
 .text.InstallIRQHandler
                0x000107a8       0x98 ./drivers/fsl_common.o
                0x000107a8                InstallIRQHandler
 .text.DSPI_CommonIRQHandler
                0x00010840       0x40 ./drivers/fsl_dspi.o
 .text.SPI0_DriverIRQHandler
                0x00010880       0x34 ./drivers/fsl_dspi.o
                0x00010880                SPI0_DriverIRQHandler
 .text.SPI1_DriverIRQHandler
                0x000108b4       0x34 ./drivers/fsl_dspi.o
                0x000108b4                SPI1_DriverIRQHandler
 .text.GPIO_PinInit
                0x000108e8       0x64 ./drivers/fsl_gpio.o
                0x000108e8                GPIO_PinInit
 .text.I2C_TransferCommonIRQHandler
                0x0001094c       0x58 ./drivers/fsl_i2c.o
 .text.I2C0_DriverIRQHandler
                0x000109a4       0x20 ./drivers/fsl_i2c.o
                0x000109a4                I2C0_DriverIRQHandler
 .text.I2C1_DriverIRQHandler
                0x000109c4       0x20 ./drivers/fsl_i2c.o
                0x000109c4                I2C1_DriverIRQHandler
 .text.CLOCK_EnableClock
                0x000109e4       0x34 ./drivers/fsl_lpuart.o
 .text.LPUART_GetInstance
                0x00010a18       0x48 ./drivers/fsl_lpuart.o
                0x00010a18                LPUART_GetInstance
 .text.LPUART_Init
                0x00010a60      0x284 ./drivers/fsl_lpuart.o
                0x00010a60                LPUART_Init
 .text.LPUART_GetDefaultConfig
                0x00010ce4       0x50 ./drivers/fsl_lpuart.o
                0x00010ce4                LPUART_GetDefaultConfig
 .text.LPUART_SetBaudRate
                0x00010d34      0x188 ./drivers/fsl_lpuart.o
                0x00010d34                LPUART_SetBaudRate
 .text.LPUART_GetEnabledInterrupts
                0x00010ebc       0x30 ./drivers/fsl_lpuart.o
                0x00010ebc                LPUART_GetEnabledInterrupts
 .text.LPUART_ClearStatusFlags
                0x00010eec       0x88 ./drivers/fsl_lpuart.o
                0x00010eec                LPUART_ClearStatusFlags
 .text.LPUART0_DriverIRQHandler
                0x00010f74       0x24 ./drivers/fsl_lpuart.o
                0x00010f74                LPUART0_DriverIRQHandler
 .text.CLOCK_EnableClock
                0x00010f98       0x34 ./drivers/fsl_ltc.o
 .text.ltc_clear_all
                0x00010fcc       0x20 ./drivers/fsl_ltc.o
                0x00010fcc                ltc_clear_all
 .text.ltc_symmetric_alg_state
                0x00010fec       0x74 ./drivers/fsl_ltc.o
 .text.LTC_Init
                0x00011060       0x1c ./drivers/fsl_ltc.o
                0x00011060                LTC_Init
 .text.ltc_aes_ccm_process_aad
                0x0001107c      0x1b4 ./drivers/fsl_ltc.o
 .text.ltc_aes_ccm_process
                0x00011230      0x160 ./drivers/fsl_ltc.o
 .text.CLOCK_EnableClock
                0x00011390       0x34 ./drivers/fsl_tpm.o
 .text.TPM_GetInstance
                0x000113c4       0x54 ./drivers/fsl_tpm.o
 .text.TPM_Init
                0x00011418       0xec ./drivers/fsl_tpm.o
                0x00011418                TPM_Init
 .text.TPM_SetupOutputCompare
                0x00011504      0x130 ./drivers/fsl_tpm.o
                0x00011504                TPM_SetupOutputCompare
 .text.CLOCK_EnableClock
                0x00011634       0x34 ./drivers/fsl_trng.o
 .text.trng_GetInstance
                0x00011668       0x48 ./drivers/fsl_trng.o
 .text.TRNG_GetDefaultConfig
                0x000116b0       0xe0 ./drivers/fsl_trng.o
                0x000116b0                TRNG_GetDefaultConfig
 .text.trng_SetRetryCount
                0x00011790       0x50 ./drivers/fsl_trng.o
 .text.trng_SetStatisticalCheckLimit
                0x000117e0      0x320 ./drivers/fsl_trng.o
 .text.trng_ApplyUserConfig
                0x00011b00      0x1c4 ./drivers/fsl_trng.o
 .text.TRNG_Init
                0x00011cc4       0xb8 ./drivers/fsl_trng.o
                0x00011cc4                TRNG_Init
 .text.CLOCK_EnableClock
                0x00011d7c       0x34 ./board/board.o
 .text.hardware_init
                0x00011db0      0x15c ./board/board.o
                0x00011db0                hardware_init
 .text.NMI_Handler
                0x00011f0c       0x20 ./board/board.o
                0x00011f0c                NMI_Handler
 .text.BOARD_DCDCInit
                0x00011f2c       0x18 ./board/board.o
                0x00011f2c                BOARD_DCDCInit
 .text.BOARD_GetLpuartClock
                0x00011f44       0x68 ./board/board.o
                0x00011f44                BOARD_GetLpuartClock
 .text.BOARD_GetTpmClock
                0x00011fac       0x68 ./board/board.o
                0x00011fac                BOARD_GetTpmClock
 .text.CLOCK_EnableClock
                0x00012014       0x34 ./board/clock_config.o
 .text.CLOCK_DisableClock
                0x00012048       0x38 ./board/clock_config.o
 .text.CLOCK_SetLpuartClock
                0x00012080       0x38 ./board/clock_config.o
 .text.CLOCK_SetTpmClock
                0x000120b8       0x38 ./board/clock_config.o
 .text.CLOCK_SetSimSafeDivs
                0x000120f0       0x1c ./board/clock_config.o
 .text.CLOCK_SetXtal0Freq
                0x0001210c       0x1c ./board/clock_config.o
 .text.CLOCK_SetXtal32Freq
                0x00012128       0x1c ./board/clock_config.o
 .text.RTC_SetOscCapLoad
                0x00012144       0x34 ./board/clock_config.o
 .text.CLOCK_CONFIG_FllStableDelay
                0x00012178       0x28 ./board/clock_config.o
 .text.CLOCK_CONFIG_SetRtcClock
                0x000121a0       0x4c ./board/clock_config.o
 .text.CLOCK_CONFIG_EnableRtcOsc
                0x000121ec       0x50 ./board/clock_config.o
 .text.BOARD_RfOscInit
                0x0001223c       0xc8 ./board/clock_config.o
                0x0001223c                BOARD_RfOscInit
 .text.BOARD_InitOsc0
                0x00012304       0x30 ./board/clock_config.o
                0x00012304                BOARD_InitOsc0
 .text.BOARD_BootClockRUN
                0x00012334       0x6c ./board/clock_config.o
                0x00012334                BOARD_BootClockRUN
 .text.CLOCK_EnableClock
                0x000123a0       0x34 ./board/pin_mux.o
 .text.PORT_SetPinMux
                0x000123d4       0x40 ./board/pin_mux.o
 .text.BOARD_InitButtons
                0x00012414       0x34 ./board/pin_mux.o
                0x00012414                BOARD_InitButtons
 .text.BOARD_InitLEDs
                0x00012448       0x78 ./board/pin_mux.o
                0x00012448                BOARD_InitLEDs
 .text.BOARD_InitLPUART
                0x000124c0       0x4c ./board/pin_mux.o
                0x000124c0                BOARD_InitLPUART
 .text.SystemInit
                0x0001250c       0x18 ./CMSIS/system_MKW41Z4.o
                0x0001250c                SystemInit
 .text.roundf   0x00012524       0x48 c:/nxp/mcuxpressoide_11.9.0_2144/ide/plugins/com.nxp.mcuxpresso.tools.win32_11.9.0.202307121226/tools/bin/../lib/gcc/arm-none-eabi/12.3.1/thumb/v6-m/nofp\libm.a(libm_a-sf_round.o)
                0x00012524                roundf
 .text.exit     0x0001256c       0x20 c:/nxp/mcuxpressoide_11.9.0_2144/ide/plugins/com.nxp.mcuxpresso.tools.win32_11.9.0.202307121226/tools/bin/../lib/gcc/arm-none-eabi/12.3.1/thumb/v6-m/nofp\libc.a(libc_a-exit.o)
                0x0001256c                exit
 .text.memset   0x0001258c       0xa8 c:/nxp/mcuxpressoide_11.9.0_2144/ide/plugins/com.nxp.mcuxpresso.tools.win32_11.9.0.202307121226/tools/bin/../lib/gcc/arm-none-eabi/12.3.1/thumb/v6-m/nofp\libc.a(libc_a-memset.o)
                0x0001258c                memset
 .text.strncmp  0x00012634       0x68 c:/nxp/mcuxpressoide_11.9.0_2144/ide/plugins/com.nxp.mcuxpresso.tools.win32_11.9.0.202307121226/tools/bin/../lib/gcc/arm-none-eabi/12.3.1/thumb/v6-m/nofp\libc.a(libc_a-strncmp.o)
                0x00012634                strncmp
 .text.__libc_init_array
                0x0001269c       0x48 c:/nxp/mcuxpressoide_11.9.0_2144/ide/plugins/com.nxp.mcuxpresso.tools.win32_11.9.0.202307121226/tools/bin/../lib/gcc/arm-none-eabi/12.3.1/thumb/v6-m/nofp\libc.a(libc_a-init.o)
                0x0001269c                __libc_init_array
 .text.__retarget_lock_acquire_recursive
                0x000126e4        0x4 c:/nxp/mcuxpressoide_11.9.0_2144/ide/plugins/com.nxp.mcuxpresso.tools.win32_11.9.0.202307121226/tools/bin/../lib/gcc/arm-none-eabi/12.3.1/thumb/v6-m/nofp\libc.a(libc_a-lock.o)
                0x000126e4                __retarget_lock_acquire_recursive
 .text.__retarget_lock_release_recursive
                0x000126e8        0x4 c:/nxp/mcuxpressoide_11.9.0_2144/ide/plugins/com.nxp.mcuxpresso.tools.win32_11.9.0.202307121226/tools/bin/../lib/gcc/arm-none-eabi/12.3.1/thumb/v6-m/nofp\libc.a(libc_a-lock.o)
                0x000126e8                __retarget_lock_release_recursive
 .text.memcpy   0x000126ec       0x90 c:/nxp/mcuxpressoide_11.9.0_2144/ide/plugins/com.nxp.mcuxpresso.tools.win32_11.9.0.202307121226/tools/bin/../lib/gcc/arm-none-eabi/12.3.1/thumb/v6-m/nofp\libc.a(libc_a-memcpy-stub.o)
                0x000126ec                memcpy
 .text.strlen   0x0001277c       0x5c c:/nxp/mcuxpressoide_11.9.0_2144/ide/plugins/com.nxp.mcuxpresso.tools.win32_11.9.0.202307121226/tools/bin/../lib/gcc/arm-none-eabi/12.3.1/thumb/v6-m/nofp\libc.a(libc_a-strlen-stub.o)
                0x0001277c                strlen
 .text.startup.register_fini
                0x000127d8       0x18 c:/nxp/mcuxpressoide_11.9.0_2144/ide/plugins/com.nxp.mcuxpresso.tools.win32_11.9.0.202307121226/tools/bin/../lib/gcc/arm-none-eabi/12.3.1/thumb/v6-m/nofp\libc.a(libc_a-__call_atexit.o)
 .text.__call_exitprocs
                0x000127f0       0xe8 c:/nxp/mcuxpressoide_11.9.0_2144/ide/plugins/com.nxp.mcuxpresso.tools.win32_11.9.0.202307121226/tools/bin/../lib/gcc/arm-none-eabi/12.3.1/thumb/v6-m/nofp\libc.a(libc_a-__call_atexit.o)
                0x000127f0                __call_exitprocs
 .text.atexit   0x000128d8       0x10 c:/nxp/mcuxpressoide_11.9.0_2144/ide/plugins/com.nxp.mcuxpresso.tools.win32_11.9.0.202307121226/tools/bin/../lib/gcc/arm-none-eabi/12.3.1/thumb/v6-m/nofp\libc.a(libc_a-atexit.o)
                0x000128d8                atexit
 .text.__libc_fini_array
                0x000128e8       0x28 c:/nxp/mcuxpressoide_11.9.0_2144/ide/plugins/com.nxp.mcuxpresso.tools.win32_11.9.0.202307121226/tools/bin/../lib/gcc/arm-none-eabi/12.3.1/thumb/v6-m/nofp\libc.a(libc_a-fini.o)
                0x000128e8                __libc_fini_array
 .text.__register_exitproc
                0x00012910       0xa8 c:/nxp/mcuxpressoide_11.9.0_2144/ide/plugins/com.nxp.mcuxpresso.tools.win32_11.9.0.202307121226/tools/bin/../lib/gcc/arm-none-eabi/12.3.1/thumb/v6-m/nofp\libc.a(libc_a-__atexit.o)
                0x00012910                __register_exitproc
 .text.__muldi3
                0x000129b8       0x5c c:/nxp/mcuxpressoide_11.9.0_2144/ide/plugins/com.nxp.mcuxpresso.tools.win32_11.9.0.202307121226/tools/bin/../lib/gcc/arm-none-eabi/12.3.1/thumb/v6-m/nofp\libgcc.a(_muldi3.o)
                0x000129b8                __muldi3
                0x000129b8                __aeabi_lmul
 .text.__fixunssfsi
                0x00012a14       0x30 c:/nxp/mcuxpressoide_11.9.0_2144/ide/plugins/com.nxp.mcuxpresso.tools.win32_11.9.0.202307121226/tools/bin/../lib/gcc/arm-none-eabi/12.3.1/thumb/v6-m/nofp\libgcc.a(_fixunssfsi.o)
                0x00012a14                __fixunssfsi
                0x00012a14                __aeabi_f2uiz
 .text.__udivmoddi4
                0x00012a44      0x198 c:/nxp/mcuxpressoide_11.9.0_2144/ide/plugins/com.nxp.mcuxpresso.tools.win32_11.9.0.202307121226/tools/bin/../lib/gcc/arm-none-eabi/12.3.1/thumb/v6-m/nofp\libgcc.a(_udivmoddi4.o)
                0x00012a44                __udivmoddi4
 .text.__aeabi_fadd
                0x00012bdc      0x314 c:/nxp/mcuxpressoide_11.9.0_2144/ide/plugins/com.nxp.mcuxpresso.tools.win32_11.9.0.202307121226/tools/bin/../lib/gcc/arm-none-eabi/12.3.1/thumb/v6-m/nofp\libgcc.a(addsf3.o)
                0x00012bdc                __aeabi_fadd
 .text.__aeabi_fdiv
                0x00012ef0      0x240 c:/nxp/mcuxpressoide_11.9.0_2144/ide/plugins/com.nxp.mcuxpresso.tools.win32_11.9.0.202307121226/tools/bin/../lib/gcc/arm-none-eabi/12.3.1/thumb/v6-m/nofp\libgcc.a(divsf3.o)
                0x00012ef0                __aeabi_fdiv
 .text.__eqsf2  0x00013130       0x50 c:/nxp/mcuxpressoide_11.9.0_2144/ide/plugins/com.nxp.mcuxpresso.tools.win32_11.9.0.202307121226/tools/bin/../lib/gcc/arm-none-eabi/12.3.1/thumb/v6-m/nofp\libgcc.a(eqsf2.o)
                0x00013130                __eqsf2
                0x00013130                __nesf2
 .text.__gesf2  0x00013180       0xa0 c:/nxp/mcuxpressoide_11.9.0_2144/ide/plugins/com.nxp.mcuxpresso.tools.win32_11.9.0.202307121226/tools/bin/../lib/gcc/arm-none-eabi/12.3.1/thumb/v6-m/nofp\libgcc.a(gesf2.o)
                0x00013180                __gesf2
                0x00013180                __gtsf2
 .text.__lesf2  0x00013220       0x9c c:/nxp/mcuxpressoide_11.9.0_2144/ide/plugins/com.nxp.mcuxpresso.tools.win32_11.9.0.202307121226/tools/bin/../lib/gcc/arm-none-eabi/12.3.1/thumb/v6-m/nofp\libgcc.a(lesf2.o)
                0x00013220                __ltsf2
                0x00013220                __lesf2
 .text.__aeabi_fmul
                0x000132bc      0x27c c:/nxp/mcuxpressoide_11.9.0_2144/ide/plugins/com.nxp.mcuxpresso.tools.win32_11.9.0.202307121226/tools/bin/../lib/gcc/arm-none-eabi/12.3.1/thumb/v6-m/nofp\libgcc.a(mulsf3.o)
                0x000132bc                __aeabi_fmul
 .text.__aeabi_fsub
                0x00013538      0x348 c:/nxp/mcuxpressoide_11.9.0_2144/ide/plugins/com.nxp.mcuxpresso.tools.win32_11.9.0.202307121226/tools/bin/../lib/gcc/arm-none-eabi/12.3.1/thumb/v6-m/nofp\libgcc.a(subsf3.o)
                0x00013538                __aeabi_fsub
 .text.__aeabi_f2iz
                0x00013880       0x40 c:/nxp/mcuxpressoide_11.9.0_2144/ide/plugins/com.nxp.mcuxpresso.tools.win32_11.9.0.202307121226/tools/bin/../lib/gcc/arm-none-eabi/12.3.1/thumb/v6-m/nofp\libgcc.a(fixsfsi.o)
                0x00013880                __aeabi_f2iz
 .text.__aeabi_i2f
                0x000138c0       0x98 c:/nxp/mcuxpressoide_11.9.0_2144/ide/plugins/com.nxp.mcuxpresso.tools.win32_11.9.0.202307121226/tools/bin/../lib/gcc/arm-none-eabi/12.3.1/thumb/v6-m/nofp\libgcc.a(floatsisf.o)
                0x000138c0                __aeabi_i2f
 .text.__aeabi_ui2f
                0x00013958       0x84 c:/nxp/mcuxpressoide_11.9.0_2144/ide/plugins/com.nxp.mcuxpresso.tools.win32_11.9.0.202307121226/tools/bin/../lib/gcc/arm-none-eabi/12.3.1/thumb/v6-m/nofp\libgcc.a(floatunsisf.o)
                0x00013958                __aeabi_ui2f
 .text._exit    0x000139dc        0x4 c:/nxp/mcuxpressoide_11.9.0_2144/ide/plugins/com.nxp.mcuxpresso.tools.win32_11.9.0.202307121226/tools/bin/../lib/gcc/arm-none-eabi/12.3.1/thumb/v6-m/nofp\libnosys.a(_exit.o)
                0x000139dc                _exit
 .text.__aeabi_uread4
                0x000139e0       0x18 c:/nxp/mcuxpressoide_11.9.0_2144/ide/plugins/com.nxp.mcuxpresso.tools.win32_11.9.0.202307121226/tools/bin/../lib/gcc/arm-none-eabi/12.3.1/thumb/v6-m/nofp\libgcc.a(unaligned-funcs.o)
                0x000139e0                __aeabi_uread4
 .text.__aeabi_uwrite4
                0x000139f8       0x14 c:/nxp/mcuxpressoide_11.9.0_2144/ide/plugins/com.nxp.mcuxpresso.tools.win32_11.9.0.202307121226/tools/bin/../lib/gcc/arm-none-eabi/12.3.1/thumb/v6-m/nofp\libgcc.a(unaligned-funcs.o)
                0x000139f8                __aeabi_uwrite4
 .text.__aeabi_uread8
                0x00013a0c       0x2c c:/nxp/mcuxpressoide_11.9.0_2144/ide/plugins/com.nxp.mcuxpresso.tools.win32_11.9.0.202307121226/tools/bin/../lib/gcc/arm-none-eabi/12.3.1/thumb/v6-m/nofp\libgcc.a(unaligned-funcs.o)
                0x00013a0c                __aeabi_uread8
 .text.__aeabi_uwrite8
                0x00013a38       0x20 c:/nxp/mcuxpressoide_11.9.0_2144/ide/plugins/com.nxp.mcuxpresso.tools.win32_11.9.0.202307121226/tools/bin/../lib/gcc/arm-none-eabi/12.3.1/thumb/v6-m/nofp\libgcc.a(unaligned-funcs.o)
                0x00013a38                __aeabi_uwrite8
 .text.DbgConsole_PrintfPaddingCharacter
                0x00013a58       0x48 ./utilities/fsl_debug_console.o
 .text.DbgConsole_ConvertRadixNumToString
                0x00013aa0      0x114 ./utilities/fsl_debug_console.o
 .text.DbgConsole_PrintfFormattedData
                0x00013bb4      0x33a ./utilities/fsl_debug_console.o
 .text.LEDS_color
                0x00013eee       0x5e ./source/MyNewTask.o
                0x00013eee                LEDS_color
 .text.App_WaitMsg
                0x00013f4c       0x32 ./source/mwa_coordinator.o
 .text.MPM_AcquirePAN
                0x00013f7e       0x12 ./ieee_802.15.4/phy/source/MKW41Z/MPM.o
                0x00013f7e                MPM_AcquirePAN
 .text.MPM_ReleasePAN
                0x00013f90       0x12 ./ieee_802.15.4/phy/source/MKW41Z/MPM.o
                0x00013f90                MPM_ReleasePAN
 .text.PHY_ForceIrqPending
                0x00013fa2       0x10 ./ieee_802.15.4/phy/source/MKW41Z/PhyISR.o
                0x00013fa2                PHY_ForceIrqPending
 .text.Phy_LqiConvert
                0x00013fb2       0x46 ./ieee_802.15.4/phy/source/MKW41Z/PhyISR.o
 .text.BindToPHY
                0x00013ff8       0x12 ./ieee_802.15.4/phy/source/MKW41Z/PhyStateMachine.o
                0x00013ff8                BindToPHY
 .text.Phy_SetSequenceTiming
                0x0001400a       0x9e ./ieee_802.15.4/phy/source/MKW41Z/PhyStateMachine.o
                0x0001400a                Phy_SetSequenceTiming
 .text.Radio_Phy_TimeWaitTimeoutIndication
                0x000140a8       0x14 ./ieee_802.15.4/phy/source/MKW41Z/PhyStateMachine.o
                0x000140a8                Radio_Phy_TimeWaitTimeoutIndication
 .text.Radio_Phy_TimeStartEventIndication
                0x000140bc       0x10 ./ieee_802.15.4/phy/source/MKW41Z/PhyStateMachine.o
                0x000140bc                Radio_Phy_TimeStartEventIndication
 .text.Radio_Phy_PlmeSyncLossIndication
                0x000140cc       0x1c ./ieee_802.15.4/phy/source/MKW41Z/PhyStateMachine.o
                0x000140cc                Radio_Phy_PlmeSyncLossIndication
 .text.MAC_Monitor
                0x000140e8       0x24 ./ieee_802.15.4/mac/source/App/FsciMacCommands.o
                0x000140e8                MAC_Monitor
 .text.XcvrCalDelay
                0x0001410c       0x20 ./framework/XCVR/MKW41Z4/fsl_xcvr_trim.o
                0x0001410c                XcvrCalDelay
 .text.store_sw_trim
                0x0001412c       0x96 ./framework/XCVR/MKW41Z4/ifr_radio.o
                0x0001412c                store_sw_trim
 .text.TPM_GetStatusFlags
                0x000141c2       0x14 ./framework/TimersManager/Source/TMR_Adapter.o
 .text.TPM_ClearStatusFlags
                0x000141d6       0x18 ./framework/TimersManager/Source/TMR_Adapter.o
 .text.TPM_StartTimer
                0x000141ee       0x3a ./framework/TimersManager/Source/TMR_Adapter.o
 .text.TPM_StopTimer
                0x00014228       0x2c ./framework/TimersManager/Source/TMR_Adapter.o
 .text.StackTimer_GetInputFrequency
                0x00014254       0x24 ./framework/TimersManager/Source/TMR_Adapter.o
                0x00014254                StackTimer_GetInputFrequency
 .text.TMR_IsTimerActive
                0x00014278       0x28 ./framework/TimersManager/Source/TimersManager.o
                0x00014278                TMR_IsTimerActive
 .text.TMR_StartLowPowerTimer
                0x000142a0       0x40 ./framework/TimersManager/Source/TimersManager.o
                0x000142a0                TMR_StartLowPowerTimer
 .text.TMR_StartIntervalTimer
                0x000142e0       0x32 ./framework/TimersManager/Source/TimersManager.o
                0x000142e0                TMR_StartIntervalTimer
 .text.LPUART_WriteByte
                0x00014312       0x1e ./framework/SerialManager/Source/UART_Adapter/UART_Adapter.o
 .text.LPUART_ReadByte
                0x00014330       0x16 ./framework/SerialManager/Source/UART_Adapter/UART_Adapter.o
 .text.Serial_Print
                0x00014346       0x78 ./framework/SerialManager/Source/SerialManager.o
                0x00014346                Serial_Print
 .text.Serial_PrintHex
                0x000143be      0x196 ./framework/SerialManager/Source/SerialManager.o
                0x000143be                Serial_PrintHex
 .text.Serial_PrintDec
                0x00014554       0x9e ./framework/SerialManager/Source/SerialManager.o
                0x00014554                Serial_PrintDec
 .text.Serial_UartTxCb
                0x000145f2       0x1a ./framework/SerialManager/Source/SerialManager.o
 .text.EnableIRQ
                0x0001460c       0x2c ./framework/RNG/Source/RNG.o
 .text.RNG_GetRandomNo
                0x00014638       0x2c ./framework/RNG/Source/RNG.o
                0x00014638                RNG_GetRandomNo
 .text.panic    0x00014664       0x16 ./framework/Panic/Source/Panic.o
                0x00014664                panic
 .text.OSA_TimeInit
                0x0001467a        0xa ./framework/OSAbstraction/Source/fsl_os_abstraction_bm.o
                0x0001467a                OSA_TimeInit
 .text.OSA_InterruptEnable
                0x00014684        0xe ./framework/OSAbstraction/Source/fsl_os_abstraction_bm.o
                0x00014684                OSA_InterruptEnable
 .text.OSA_InterruptDisable
                0x00014692        0xe ./framework/OSAbstraction/Source/fsl_os_abstraction_bm.o
                0x00014692                OSA_InterruptDisable
 .text.OSA_InstallIntHandler
                0x000146a0       0x20 ./framework/OSAbstraction/Source/fsl_os_abstraction_bm.o
                0x000146a0                OSA_InstallIntHandler
 .text.osObjectAlloc
                0x000146c0       0x4a ./framework/OSAbstraction/Source/fsl_os_abstraction_bm.o
 .text.osObjectIsAllocated
                0x0001470a       0x52 ./framework/OSAbstraction/Source/fsl_os_abstraction_bm.o
 .text.OSA_Init
                0x0001475c       0x10 ./framework/OSAbstraction/Source/fsl_os_abstraction_bm.o
                0x0001475c                OSA_Init
 .text.OSA_InsertTaskBefore
                0x0001476c       0x2e ./framework/OSAbstraction/Source/fsl_os_abstraction_bm.o
 .text.ListAddTailMsg
                0x0001479a       0x26 ./framework/Messaging/Source/Messaging.o
                0x0001479a                ListAddTailMsg
 .text.ListAddHeadMsg
                0x000147c0       0x26 ./framework/Messaging/Source/Messaging.o
                0x000147c0                ListAddHeadMsg
 .text.ListRemoveHeadMsg
                0x000147e6       0x2a ./framework/Messaging/Source/Messaging.o
                0x000147e6                ListRemoveHeadMsg
 .text.ListGetHeadMsg
                0x00014810       0x30 ./framework/Messaging/Source/Messaging.o
                0x00014810                ListGetHeadMsg
 .text.ListGetNextMsg
                0x00014840       0x36 ./framework/Messaging/Source/Messaging.o
                0x00014840                ListGetNextMsg
 .text.ListRemoveMsg
                0x00014876       0x20 ./framework/Messaging/Source/Messaging.o
                0x00014876                ListRemoveMsg
 .text.ListInit
                0x00014896       0x2c ./framework/Lists/GenericList.o
                0x00014896                ListInit
 .text.ListAddTail
                0x000148c2       0x76 ./framework/Lists/GenericList.o
                0x000148c2                ListAddTail
 .text.ListAddHead
                0x00014938       0x76 ./framework/Lists/GenericList.o
                0x00014938                ListAddHead
 .text.ListRemoveHead
                0x000149ae       0x68 ./framework/Lists/GenericList.o
                0x000149ae                ListRemoveHead
 .text.ListRemoveElement
                0x00014a16       0x80 ./framework/Lists/GenericList.o
                0x00014a16                ListRemoveElement
 .text.ListGetSize
                0x00014a96       0x14 ./framework/Lists/GenericList.o
                0x00014a96                ListGetSize
 .text.LED_TurnOnLed
                0x00014aaa       0x20 ./framework/LED/Source/LED.o
                0x00014aaa                LED_TurnOnLed
 .text.LED_TurnOffLed
                0x00014aca       0x20 ./framework/LED/Source/LED.o
                0x00014aca                LED_TurnOffLed
 .text.LED_ToggleLed
                0x00014aea       0x20 ./framework/LED/Source/LED.o
                0x00014aea                LED_ToggleLed
 .text.LED_TurnOffAllLeds
                0x00014b0a       0x10 ./framework/LED/Source/LED.o
                0x00014b0a                LED_TurnOffAllLeds
 .text.LED_TurnOnAllLeds
                0x00014b1a       0x10 ./framework/LED/Source/LED.o
                0x00014b1a                LED_TurnOnAllLeds
 .text.LED_StopFlashingAllLeds
                0x00014b2a       0x12 ./framework/LED/Source/LED.o
                0x00014b2a                LED_StopFlashingAllLeds
 .text.LED_GpioSet
                0x00014b3c       0x4a ./framework/LED/Source/LED.o
 .text.GPIO_SetPinsOutput
                0x00014b86       0x18 ./framework/GPIO/GPIO_Adapter.o
 .text.GPIO_ClearPinsOutput
                0x00014b9e       0x18 ./framework/GPIO/GPIO_Adapter.o
 .text.GPIO_TogglePinsOutput
                0x00014bb6       0x18 ./framework/GPIO/GPIO_Adapter.o
 .text.GPIO_ReadPinInput
                0x00014bce       0x20 ./framework/GPIO/GPIO_Adapter.o
 .text.PORT_GetPinsInterruptFlags
                0x00014bee       0x16 ./framework/GPIO/GPIO_Adapter.o
 .text.PORT_ClearPinsInterruptFlags
                0x00014c04       0x1a ./framework/GPIO/GPIO_Adapter.o
 .text.FLib_MemCpy
                0x00014c1e       0x38 ./framework/FunctionLib/FunctionLib.o
                0x00014c1e                FLib_MemCpy
 .text.FLib_MemCpyReverseOrder
                0x00014c56       0x46 ./framework/FunctionLib/FunctionLib.o
                0x00014c56                FLib_MemCpyReverseOrder
 .text.FLib_MemCmp
                0x00014c9c       0x52 ./framework/FunctionLib/FunctionLib.o
                0x00014c9c                FLib_MemCmp
 .text.FLib_MemSet
                0x00014cee       0x38 ./framework/FunctionLib/FunctionLib.o
                0x00014cee                FLib_MemSet
 .text.NV_VerifyCrcOverHWParameters
                0x00014d26       0x4e ./framework/Flash/Internal/Flash_Adapter.o
 .text.ADC16_EnableHardwareTrigger
                0x00014d74       0x3a ./framework/DCDC/Source/DCDC.o
 .text.ADC16_DoAutoCalibration
                0x00014dae      0x118 ./drivers/fsl_adc16.o
                0x00014dae                ADC16_DoAutoCalibration
 .text.ADC16_SetChannelMuxMode
                0x00014ec6       0x3a ./drivers/fsl_adc16.o
                0x00014ec6                ADC16_SetChannelMuxMode
 .text.ADC16_SetHardwareCompareConfig
                0x00014f00       0x90 ./drivers/fsl_adc16.o
                0x00014f00                ADC16_SetHardwareCompareConfig
 .text.ADC16_SetHardwareAverage
                0x00014f90       0x40 ./drivers/fsl_adc16.o
                0x00014f90                ADC16_SetHardwareAverage
 .text.ADC16_GetStatusFlags
                0x00014fd0       0x3a ./drivers/fsl_adc16.o
                0x00014fd0                ADC16_GetStatusFlags
 .text.CLOCK_BootToFeeMode
                0x0001500a       0x4e ./drivers/fsl_clock.o
                0x0001500a                CLOCK_BootToFeeMode
 .text.DisableGlobalIRQ
                0x00015058       0x1e ./drivers/fsl_common.o
 .text.EnableGlobalIRQ
                0x00015076       0x1c ./drivers/fsl_common.o
 .text.DSPI_IsMaster
                0x00015092       0x18 ./drivers/fsl_dspi.o
 .text.GPIO_WritePinOutput
                0x000150aa       0x34 ./drivers/fsl_gpio.o
 .text.LPUART_EnableInterrupts
                0x000150de       0x3a ./drivers/fsl_lpuart.o
                0x000150de                LPUART_EnableInterrupts
 .text.LPUART_DisableInterrupts
                0x00015118       0x3e ./drivers/fsl_lpuart.o
                0x00015118                LPUART_DisableInterrupts
 .text.LPUART_GetStatusFlags
                0x00015156       0x18 ./drivers/fsl_lpuart.o
                0x00015156                LPUART_GetStatusFlags
 .text.ltc_check_key_size
                0x0001516e       0x1a ./drivers/fsl_ltc.o
                0x0001516e                ltc_check_key_size
 .text.ltc_wait
                0x00015188       0x96 ./drivers/fsl_ltc.o
                0x00015188                ltc_wait
 .text.ltc_memcpy
                0x0001521e       0x30 ./drivers/fsl_ltc.o
                0x0001521e                ltc_memcpy
 .text.ltc_get_word_from_unaligned
                0x0001524e       0x40 ./drivers/fsl_ltc.o
 .text.ltc_set_unaligned_from_word
                0x0001528e       0x50 ./drivers/fsl_ltc.o
 .text.ltc_set_key
                0x000152de       0x4e ./drivers/fsl_ltc.o
 .text.ltc_set_context
                0x0001532c       0xac ./drivers/fsl_ltc.o
                0x0001532c                ltc_set_context
 .text.ltc_get_context
                0x000153d8       0xaa ./drivers/fsl_ltc.o
                0x000153d8                ltc_get_context
 .text.ltc_symmetric_init
                0x00015482       0x3e ./drivers/fsl_ltc.o
 .text.ltc_symmetric_init_final
                0x000154c0       0x3e ./drivers/fsl_ltc.o