../source/mwa_end_device.c:159:6:incrementarDireccion	8	static
../source/mwa_end_device.c:209:6:main_task	16	static
../source/mwa_end_device.c:267:6:App_Idle_Task	32	static
../source/mwa_end_device.c:319:6:App_init	8	static
../source/mwa_end_device.c:383:6:AppThread	104	static
../source/mwa_end_device.c:673:6:timer_count	16	static
../source/mwa_end_device.c:692:13:UartRxCallBack	32	static
../source/mwa_end_device.c:728:16:App_StartScan	32	static
../source/mwa_end_device.c:791:16:App_HandleScanActiveConfirm	48	static
../source/mwa_end_device.c:858:16:App_SendAssociateRequest	24	static
../source/mwa_end_device.c:921:16:App_HandleAssociateConfirm	16	static
../source/mwa_end_device.c:971:16:App_HandleMlmeInput	16	static
../source/mwa_end_device.c:1029:13:App_HandleMcpsInput	16	static
../source/mwa_end_device.c:1067:16:App_WaitMsg	16	static
../source/mwa_end_device.c:1099:13:App_TransmitUartData	24	static
../source/mwa_end_device.c:1174:6:intToStr	32	static
../source/mwa_end_device.c:1189:6:SendCounterPacket	24	static
../source/mwa_end_device.c:1251:16:AppPollWaitTimeout	32	static
../source/mwa_end_device.c:1291:13:App_HandleKeys	16	static
../source/mwa_end_device.c:1344:14:MLME_NWK_SapHandler	16	static
../source/mwa_end_device.c:1352:14:MCPS_NWK_SapHandler	16	static
